Component: ARM Compiler 5.06 update 6 (build 750) Tool: armlink [4d35ed]

==============================================================================

Section Cross References

    main.o(i.SysHardware_Init) refers to sysctl.o(i.SysCtlClockSet) for SysCtlClockSet
    main.o(i.SysHardware_Init) refers to sysctl.o(i.SysCtlClockGet) for SysCtlClockGet
    main.o(i.SysHardware_Init) refers to my_uart.o(i.UART0_Init) for UART0_Init
    main.o(i.SysHardware_Init) refers to fpu.o(i.FPUEnable) for FPUEnable
    main.o(i.SysHardware_Init) refers to fpu.o(i.FPULazyStackingEnable) for FPULazyStackingEnable
    main.o(i.SysHardware_Init) refers to time.o(i.SysTick_Configuration) for SysTick_Configuration
    main.o(i.SysHardware_Init) refers to led_task.o(i.LEDTaskInit) for LEDTaskInit
    main.o(i.SysHardware_Init) refers to my_eeprom.o(i.EEPROM_Init) for EEPROM_Init
    main.o(i.SysHardware_Init) refers to ultrasonic.o(i.Ultrasonic_Init) for Ultrasonic_Init
    main.o(i.SysHardware_Init) refers to my_spi.o(i.SSI0_Init) for SSI0_Init
    main.o(i.SysHardware_Init) refers to icm_20602.o(i.ICM_20602_Init) for ICM_20602_Init
    main.o(i.SysHardware_Init) refers to my_i2c.o(i.IIC1_Init) for IIC1_Init
    main.o(i.SysHardware_Init) refers to ist8310.o(i.IST8310_Init) for IST8310_Init
    main.o(i.SysHardware_Init) refers to ms5611.o(i.MS5611_Init) for MS5611_Init
    main.o(i.SysHardware_Init) refers to app_radiolink.o(i.RadioLink_Init) for RadioLink_Init
    main.o(i.SysHardware_Init) refers to parameter.o(i.Para_Init) for Para_Init
    main.o(i.SysHardware_Init) refers to my_pwm.o(i.PWM_Init) for PWM_Init
    main.o(i.SysHardware_Init) refers to main.o(.data) for Systermcoreclock
    main.o(i.main) refers to main.o(i.SysHardware_Init) for SysHardware_Init
    main.o(i.main) refers to scheduler.o(i.Duty_Loop) for Duty_Loop
    app_radiolink.o(i.NRF_Task) refers to nrf24l01.o(i.nRF24L01_RxPacket) for nRF24L01_RxPacket
    app_radiolink.o(i.NRF_Task) refers to app_radiolink.o(.bss) for RxBuf
    app_radiolink.o(i.NRF_Task) refers to app_radiolink.o(.data) for Check_num
    app_radiolink.o(i.RadioLink_Init) refers to sysctl.o(i.SysCtlPeripheralEnable) for SysCtlPeripheralEnable
    app_radiolink.o(i.RadioLink_Init) refers to gpio.o(i.GPIOPinConfigure) for GPIOPinConfigure
    app_radiolink.o(i.RadioLink_Init) refers to gpio.o(i.GPIOPinTypeUART) for GPIOPinTypeUART
    app_radiolink.o(i.RadioLink_Init) refers to uart.o(i.UARTConfigSetExpClk) for UARTConfigSetExpClk
    app_radiolink.o(i.RadioLink_Init) refers to uart.o(i.UARTFIFODisable) for UARTFIFODisable
    app_radiolink.o(i.RadioLink_Init) refers to interrupt.o(i.IntEnable) for IntEnable
    app_radiolink.o(i.RadioLink_Init) refers to uart.o(i.UARTIntEnable) for UARTIntEnable
    app_radiolink.o(i.RadioLink_Init) refers to uart.o(i.UARTIntRegister) for UARTIntRegister
    app_radiolink.o(i.RadioLink_Init) refers to nrf24l01.o(i.init_NRF24L01_TX) for init_NRF24L01_TX
    app_radiolink.o(i.RadioLink_Init) refers to nrf24l01.o(i.Set_RX_Mode) for Set_RX_Mode
    app_radiolink.o(i.RadioLink_Init) refers to interrupt.o(i.IntMasterEnable) for IntMasterEnable
    app_radiolink.o(i.RadioLink_Init) refers to my_timer.o(i.Timer0A_Init) for Timer0A_Init
    app_radiolink.o(i.RadioLink_Init) refers to app_radiolink.o(.data) for RF_Reciver
    app_radiolink.o(i.RadioLink_Init) refers to main.o(.data) for Systermcoreclock
    app_radiolink.o(i.RadioLink_Init) refers to app_radiolink.o(i.UART1_Handler) for UART1_Handler
    app_radiolink.o(i.RadioLink_Init) refers to rc.o(.data) for MAX_CH
    app_radiolink.o(i.UART1_Handler) refers to uart.o(i.UARTIntStatus) for UARTIntStatus
    app_radiolink.o(i.UART1_Handler) refers to uart.o(i.UARTIntClear) for UARTIntClear
    app_radiolink.o(i.UART1_Handler) refers to uart.o(i.UARTCharsAvail) for UARTCharsAvail
    app_radiolink.o(i.UART1_Handler) refers to uart.o(i.UARTCharGet) for UARTCharGet
    app_radiolink.o(i.UART1_Handler) refers to app_radiolink.o(.data) for res
    app_radiolink.o(i.UART1_Handler) refers to my_timer.o(.data) for TimeStamp_1ms
    app_radiolink.o(i.UART1_Handler) refers to app_radiolink.o(.bss) for USART_RX_BUF
    matrix.o(i.matrix_add) refers to matrix.o(i.matrix_read) for matrix_read
    matrix.o(i.matrix_add) refers to matrix.o(i.matrix_write) for matrix_write
    matrix.o(i.matrix_det) refers to matrix.o(i.matrix_read) for matrix_read
    matrix.o(i.matrix_free) refers to malloc.o(i.free) for free
    matrix.o(i.matrix_init) refers to malloc.o(i.malloc) for malloc
    matrix.o(i.matrix_inverse) refers to matrix.o(i.matrix_set_m) for matrix_set_m
    matrix.o(i.matrix_inverse) refers to matrix.o(i.matrix_set_n) for matrix_set_n
    matrix.o(i.matrix_inverse) refers to matrix.o(i.matrix_init) for matrix_init
    matrix.o(i.matrix_inverse) refers to matrix.o(i.matrix_read) for matrix_read
    matrix.o(i.matrix_inverse) refers to matrix.o(i.matrix_write) for matrix_write
[...]
    PendSV_Handler                           0x000002c7   Thumb Code     2  startup_tm4c123.o(.text)
    GPIOA_Handler                            0x000002cb   Thumb Code     2  startup_tm4c123.o(.text)
    GPIOB_Handler                            0x000002cd   Thumb Code     2  startup_tm4c123.o(.text)
    GPIOC_Handler                            0x000002cf   Thumb Code     2  startup_tm4c123.o(.text)
    GPIOD_Handler                            0x000002d1   Thumb Code     2  startup_tm4c123.o(.text)
    GPIOE_Handler                            0x000002d3   Thumb Code     2  startup_tm4c123.o(.text)
    SSI0_Handler                             0x000002d9   Thumb Code     2  startup_tm4c123.o(.text)
    I2C0_Handler                             0x000002db   Thumb Code     2  startup_tm4c123.o(.text)
    PMW0_FAULT_Handler                       0x000002dd   Thumb Code     2  startup_tm4c123.o(.text)
    PWM0_0_Handler                           0x000002df   Thumb Code     2  startup_tm4c123.o(.text)
    PWM0_1_Handler                           0x000002e1   Thumb Code     2  startup_tm4c123.o(.text)
    PWM0_2_Handler                           0x000002e3   Thumb Code     2  startup_tm4c123.o(.text)
    QEI0_Handler                             0x000002e5   Thumb Code     2  startup_tm4c123.o(.text)
    ADC0SS0_Handler                          0x000002e7   Thumb Code     2  startup_tm4c123.o(.text)
    ADC0SS1_Handler                          0x000002e9   Thumb Code     2  startup_tm4c123.o(.text)
    ADC0SS2_Handler                          0x000002eb   Thumb Code     2  startup_tm4c123.o(.text)
    ADC0SS3_Handler                          0x000002ed   Thumb Code     2  startup_tm4c123.o(.text)
    WDT0_Handler                             0x000002ef   Thumb Code     2  startup_tm4c123.o(.text)
    TIMER0B_Handler                          0x000002f3   Thumb Code     2  startup_tm4c123.o(.text)
    TIMER1B_Handler                          0x000002f7   Thumb Code     2  startup_tm4c123.o(.text)
    TIMER2A_Handler                          0x000002f9   Thumb Code     2  startup_tm4c123.o(.text)
    TIMER2B_Handler                          0x000002fb   Thumb Code     2  startup_tm4c123.o(.text)
    COMP0_Handler                            0x000002fd   Thumb Code     2  startup_tm4c123.o(.text)
    COMP1_Handler                            0x000002ff   Thumb Code     2  startup_tm4c123.o(.text)
    COMP2_Handler                            0x00000301   Thumb Code     2  startup_tm4c123.o(.text)
    SYSCTL_Handler                           0x00000303   Thumb Code     2  startup_tm4c123.o(.text)
    FLASH_Handler                            0x00000305   Thumb Code     2  startup_tm4c123.o(.text)
    GPIOF_Handler                            0x00000307   Thumb Code     2  startup_tm4c123.o(.text)
    GPIOG_Handler                            0x00000309   Thumb Code     2  startup_tm4c123.o(.text)
    GPIOH_Handler                            0x0000030b   Thumb Code     2  startup_tm4c123.o(.text)
    UART2_Handler                            0x0000030d   Thumb Code     2  startup_tm4c123.o(.text)
    SSI1_Handler                             0x0000030f   Thumb Code     2  startup_tm4c123.o(.text)
    TIMER3A_Handler                          0x00000311   Thumb Code     2  startup_tm4c123.o(.text)
    TIMER3B_Handler                          0x00000313   Thumb Code     2  startup_tm4c123.o(.text)
    I2C1_Handler                             0x00000315   Thumb Code     2  startup_tm4c123.o(.text)
    QEI1_Handler                             0x00000317   Thumb Code     2  startup_tm4c123.o(.text)
    CAN0_Handler                             0x00000319   Thumb Code     2  startup_tm4c123.o(.text)
    CAN1_Handler                             0x0000031b   Thumb Code     2  startup_tm4c123.o(.text)
    CAN2_Handler                             0x0000031d   Thumb Code     2  startup_tm4c123.o(.text)
    HIB_Handler                              0x0000031f   Thumb Code     2  startup_tm4c123.o(.text)
    USB0_Handler                             0x00000321   Thumb Code     2  startup_tm4c123.o(.text)
    PWM0_3_Handler                           0x00000323   Thumb Code     2  startup_tm4c123.o(.text)
    UDMA_Handler                             0x00000325   Thumb Code     2  startup_tm4c123.o(.text)
    UDMAERR_Handler                          0x00000327   Thumb Code     2  startup_tm4c123.o(.text)
    ADC1SS0_Handler                          0x00000329   Thumb Code     2  startup_tm4c123.o(.text)
    ADC1SS1_Handler                          0x0000032b   Thumb Code     2  startup_tm4c123.o(.text)
    ADC1SS2_Handler                          0x0000032d   Thumb Code     2  startup_tm4c123.o(.text)
    ADC1SS3_Handler                          0x0000032f   Thumb Code     2  startup_tm4c123.o(.text)
    GPIOJ_Handler                            0x00000331   Thumb Code     2  startup_tm4c123.o(.text)
    GPIOK_Handler                            0x00000333   Thumb Code     2  startup_tm4c123.o(.text)
    GPIOL_Handler                            0x00000335   Thumb Code     2  startup_tm4c123.o(.text)
    SSI2_Handler                             0x00000337   Thumb Code     2  startup_tm4c123.o(.text)
    SSI3_Handler                             0x00000339   Thumb Code     2  startup_tm4c123.o(.text)
    UART4_Handler                            0x0000033d   Thumb Code     2  startup_tm4c123.o(.text)
    UART5_Handler                            0x0000033f   Thumb Code     2  startup_tm4c123.o(.text)
    UART6_Handler                            0x00000341   Thumb Code     2  startup_tm4c123.o(.text)
    UART7_Handler                            0x00000343   Thumb Code     2  startup_tm4c123.o(.text)
    I2C2_Handler                             0x00000345   Thumb Code     2  startup_tm4c123.o(.text)
    I2C3_Handler                             0x00000347   Thumb Code     2  startup_tm4c123.o(.text)
    TIMER4A_Handler                          0x00000349   Thumb Code     2  startup_tm4c123.o(.text)
    TIMER4B_Handler                          0x0000034b   Thumb Code     2  startup_tm4c123.o(.text)
    TIMER5A_Handler                          0x0000034d   Thumb Code     2  startup_tm4c123.o(.text)
    TIMER5B_Handler                          0x0000034f   Thumb Code     2  startup_tm4c123.o(.text)
    WTIMER0A_Handler                         0x00000351   Thumb Code     2  startup_tm4c123.o(.text)
    WTIMER0B_Handler                         0x00000353   Thumb Code     2  startup_tm4c123.o(.text)
    WTIMER1A_Handler                         0x00000355   Thumb Code     2  startup_tm4c123.o(.text)
    WTIMER1B_Handler                         0x00000357   Thumb Code     2  startup_tm4c123.o(.text)
    WTIMER2A_Handler                         0x00000359   Thumb Code     2  startup_tm4c123.o(.text)
    WTIMER2B_Handler                         0x0000035b   Thumb Code     2  startup_tm4c123.o(.text)
    WTIMER3A_Handler                         0x0000035d   Thumb Code     2  startup_tm4c123.o(.text)
    WTIMER3B_Handler                         0x0000035f   Thumb Code     2  startup_tm4c123.o(.text)
    WTIMER4A_Handler                         0x00000361   Thumb Code     2  startup_tm4c123.o(.text)
    WTIMER4B_Handler                         0x00000363   Thumb Code     2  startup_tm4c123.o(.text)
    WTIMER5A_Handler                         0x00000365   Thumb Code     2  startup_tm4c123.o(.text)
    WTIMER5B_Handler                         0x00000367   Thumb Code     2  startup_tm4c123.o(.text)
    FPU_Handler                              0x00000369   Thumb Code     2  startup_tm4c123.o(.text)
    I2C4_Handler                             0x0000036b   Thumb Code     2  startup_tm4c123.o(.text)
    I2C5_Handler                             0x0000036d   Thumb Code     2  startup_tm4c123.o(.text)
    GPIOM_Handler                            0x0000036f   Thumb Code     2  startup_tm4c123.o(.text)
    GPION_Handler                            0x00000371   Thumb Code     2  startup_tm4c123.o(.text)
    QEI2_Handler                             0x00000373   Thumb Code     2  startup_tm4c123.o(.text)
    GPIOP0_Handler                           0x00000375   Thumb Code     2  startup_tm4c123.o(.text)
    GPIOP1_Handler                           0x00000377   Thumb Code     2  startup_tm4c123.o(.text)
    GPIOP2_Handler                           0x00000379   Thumb Code     2  startup_tm4c123.o(.text)
    GPIOP3_Handler                           0x0000037b   Thumb Code     2  startup_tm4c123.o(.text)
    GPIOP4_Handler                           0x0000037d   Thumb Code     2  startup_tm4c123.o(.text)
    GPIOP5_Handler                           0x0000037f   Thumb Code     2  startup_tm4c123.o(.text)
    GPIOP6_Handler                           0x00000381   Thumb Code     2  startup_tm4c123.o(.text)
    GPIOP7_Handler                           0x00000383   Thumb Code     2  startup_tm4c123.o(.text)
    GPIOQ0_Handler                           0x00000385   Thumb Code     2  startup_tm4c123.o(.text)
    GPIOQ1_Handler                           0x00000387   Thumb Code     2  startup_tm4c123.o(.text)
    GPIOQ2_Handler                           0x00000389   Thumb Code     2  startup_tm4c123.o(.text)
    GPIOQ3_Handler                           0x0000038b   Thumb Code     2  startup_tm4c123.o(.text)
    GPIOQ4_Handler                           0x0000038d   Thumb Code     2  startup_tm4c123.o(.text)
    GPIOQ5_Handler                           0x0000038f   Thumb Code     2  startup_tm4c123.o(.text)
    GPIOQ6_Handler                           0x00000391   Thumb Code     2  startup_tm4c123.o(.text)
    GPIOQ7_Handler                           0x00000393   Thumb Code     2  startup_tm4c123.o(.text)
    GPIOR_Handler                            0x00000395   Thumb Code     2  startup_tm4c123.o(.text)
    GPIOS_Handler                            0x00000397   Thumb Code     2  startup_tm4c123.o(.text)
    PMW1_0_Handler                           0x00000399   Thumb Code     2  startup_tm4c123.o(.text)
    PWM1_1_Handler                           0x0000039b   Thumb Code     2  startup_tm4c123.o(.text)
    PWM1_2_Handler                           0x0000039d   Thumb Code     2  startup_tm4c123.o(.text)
    PWM1_3_Handler                           0x0000039f   Thumb Code     2  startup_tm4c123.o(.text)
    PWM1_FAULT_Handler                       0x000003a1   Thumb Code     2  startup_tm4c123.o(.text)
    __aeabi_memset                           0x000003ad   Thumb Code    14  memseta.o(.text)
    __aeabi_memset4                          0x000003ad   Thumb Code     0  memseta.o(.text)
    __aeabi_memset8                          0x000003ad   Thumb Code     0  memseta.o(.text)
    __aeabi_memclr                           0x000003bb   Thumb Code     4  memseta.o(.text)
    __aeabi_memclr4                          0x000003bb   Thumb Code     0  memseta.o(.text)
    __aeabi_memclr8                          0x000003bb   Thumb Code     0  memseta.o(.text)
    _memset$wrapper                          0x000003bf   Thumb Code    18  memseta.o(.text)
    __aeabi_dadd                             0x000003d1   Thumb Code   322  dadd.o(.text)
    __aeabi_dsub                             0x00000513   Thumb Code     6  dadd.o(.text)
    __aeabi_drsub                            0x00000519   Thumb Code     6  dadd.o(.text)
    __aeabi_dmul                             0x0000051f   Thumb Code   228  dmul.o(.text)
    __aeabi_ddiv                             0x00000603   Thumb Code   222  ddiv.o(.text)
    __aeabi_i2d                              0x000006e1   Thumb Code    34  dflti.o(.text)
    __aeabi_f2d                              0x00000703   Thumb Code    38  f2d.o(.text)
    __aeabi_d2f                              0x00000729   Thumb Code    56  d2f.o(.text)
    __aeabi_uldivmod                         0x00000761   Thumb Code    98  uldiv.o(.text)
    __aeabi_llsl                             0x000007c3   Thumb Code    30  llshl.o(.text)
    _ll_shift_l                              0x000007c3   Thumb Code     0  llshl.o(.text)
    __aeabi_lasr                             0x000007e1   Thumb Code    36  llsshr.o(.text)
    _ll_sshift_r                             0x000007e1   Thumb Code     0  llsshr.o(.text)
    __I$use$fp                               0x00000805   Thumb Code     0  iusefp.o(.text)
    _float_round                             0x00000805   Thumb Code    18  fepilogue.o(.text)
    _float_epilogue                          0x00000817   Thumb Code    92  fepilogue.o(.text)
    _double_round                            0x00000873   Thumb Code    30  depilogue.o(.text)
    _double_epilogue                         0x00000891   Thumb Code   156  depilogue.o(.text)
    __scatterload                            0x0000092d   Thumb Code    28  init.o(.text)
    __scatterload_rt2                        0x0000092d   Thumb Code     0  init.o(.text)
    __aeabi_llsr                             0x00000951   Thumb Code    32  llushr.o(.text)
    _ll_ushift_r                             0x00000951   Thumb Code     0  llushr.o(.text)
    _dsqrt                                   0x00000971   Thumb Code   162  dsqrt.o(.text)
    __decompress                             0x00000a13   Thumb Code     0  __dczerorl2.o(.text)
    __decompress1                            0x00000a13   Thumb Code    86  __dczerorl2.o(.text)
    AHRS_update                              0x00000a69   Thumb Code  2372  imu.o(i.AHRS_update)
    ANO_DT_Data_Exchange                     0x000013bd   Thumb Code  1444  data_transfer.o(i.ANO_DT_Data_Exchange)
    ANO_DT_Data_Receive_Anl                  0x0000196d   Thumb Code  1900  data_transfer.o(i.ANO_DT_Data_Receive_Anl)
    ANO_DT_Data_Receive_Prepare              0x000020f1   Thumb Code   216  data_transfer.o(i.ANO_DT_Data_Receive_Prepare)
    ANO_DT_Send_Data                         0x0000221d   Thumb Code    18  data_transfer.o(i.ANO_DT_Send_Data)
    ANO_DT_Send_Location                     0x00002239   Thumb Code   290  data_transfer.o(i.ANO_DT_Send_Location)
    ANO_DT_Send_MotoPWM                      0x00002365   Thumb Code   294  data_transfer.o(i.ANO_DT_Send_MotoPWM)
    ANO_DT_Send_PID                          0x00002491   Thumb Code   562  data_transfer.o(i.ANO_DT_Send_PID)
    ANO_DT_Send_Power                        0x000026cd   Thumb Code   136  data_transfer.o(i.ANO_DT_Send_Power)
    ANO_DT_Send_RCData                       0x00002759   Thumb Code   350  data_transfer.o(i.ANO_DT_Send_RCData)
    ANO_DT_Send_Senser                       0x000028bd   Thumb Code   406  data_transfer.o(i.ANO_DT_Send_Senser)
    ANO_DT_Send_Senser2                      0x00002a59   Thumb Code   154  data_transfer.o(i.ANO_DT_Send_Senser2)
    ANO_DT_Send_Speed                        0x00002af9   Thumb Code   242  data_transfer.o(i.ANO_DT_Send_Speed)
    ANO_DT_Send_Status                       0x00002bf5   Thumb Code   336  data_transfer.o(i.ANO_DT_Send_Status)
    ANO_DT_Send_User                         0x00002d4d   Thumb Code   304  data_transfer.o(i.ANO_DT_Send_User)
    ANO_DT_Send_Version                      0x00002e91   Thumb Code   192  data_transfer.o(i.ANO_DT_Send_Version)
    All_Out                                  0x00002f55   Thumb Code   864  ctrl.o(i.All_Out)
    Baro_Ctrl                                0x000032e9   Thumb Code   128  height_ctrl.o(i.Baro_Ctrl)
    ByteRead_MPU                             0x00003381   Thumb Code    22  my_spi.o(i.ByteRead_MPU)
    CTRL_1                                   0x00003399   Thumb Code  1774  ctrl.o(i.CTRL_1)
    CTRL_2                                   0x00003aa9   Thumb Code  1486  ctrl.o(i.CTRL_2)
    Ctrl_Para_Init                           0x00004085   Thumb Code    36  ctrl.o(i.Ctrl_Para_Init)
    Delay_ms                                 0x000040b1   Thumb Code    24  time.o(i.Delay_ms)
    Delay_us                                 0x000040c9   Thumb Code    24  time.o(i.Delay_us)
    Duty_10ms                                0x000040e1   Thumb Code    16  scheduler.o(i.Duty_10ms)
    Duty_1ms                                 0x000040f5   Thumb Code    26  scheduler.o(i.Duty_1ms)
    Duty_20ms                                0x00004119   Thumb Code    24  scheduler.o(i.Duty_20ms)
    Duty_2ms                                 0x00004135   Thumb Code   300  scheduler.o(i.Duty_2ms)
    Duty_50ms                                0x00004291   Thumb Code    74  scheduler.o(i.Duty_50ms)
    Duty_5ms                                 0x000042f5   Thumb Code   180  scheduler.o(i.Duty_5ms)
    Duty_Loop                                0x000043c5   Thumb Code   132  scheduler.o(i.Duty_Loop)
    EEPROMBlockCountGet                      0x00004455   Thumb Code    10  eeprom.o(i.EEPROMBlockCountGet)
    EEPROMInit                               0x00004465   Thumb Code    60  eeprom.o(i.EEPROMInit)
    EEPROMProgram                            0x000044a9   Thumb Code   190  eeprom.o(i.EEPROMProgram)
    EEPROMRead                               0x00004579   Thumb Code    52  eeprom.o(i.EEPROMRead)
    EEPROMSizeGet                            0x000045b1   Thumb Code    10  eeprom.o(i.EEPROMSizeGet)
    EEPROM_Init                              0x000045c1   Thumb Code    42  my_eeprom.o(i.EEPROM_Init)
    EEPROM_Read                              0x00004621   Thumb Code    32  my_eeprom.o(i.EEPROM_Read)
    EEPROM_Write                             0x00004645   Thumb Code    40  my_eeprom.o(i.EEPROM_Write)
    FPUEnable                                0x00004671   Thumb Code    14  fpu.o(i.FPUEnable)
    FPULazyStackingEnable                    0x00004685   Thumb Code    14  fpu.o(i.FPULazyStackingEnable)
    Feed_Rc_Dog                              0x00004699   Thumb Code    12  rc.o(i.Feed_Rc_Dog)
    Fly_Ready                                0x000046ad   Thumb Code   194  rc.o(i.Fly_Ready)
    GPIODirModeSet                           0x0000478d   Thumb Code    50  gpio.o(i.GPIODirModeSet)
    GPIOPadConfigSet                         0x000047bf   Thumb Code   342  gpio.o(i.GPIOPadConfigSet)
    GPIOPinConfigure                         0x00004915   Thumb Code    70  gpio.o(i.GPIOPinConfigure)
    GPIOPinRead                              0x00004965   Thumb Code    12  gpio.o(i.GPIOPinRead)
    GPIOPinTypeGPIOInput                     0x00004971   Thumb Code    30  gpio.o(i.GPIOPinTypeGPIOInput)
    GPIOPinTypeGPIOOutput                    0x0000498f   Thumb Code    30  gpio.o(i.GPIOPinTypeGPIOOutput)
    GPIOPinTypeI2C                           0x000049ad   Thumb Code    30  gpio.o(i.GPIOPinTypeI2C)
    GPIOPinTypeI2CSCL                        0x000049cb   Thumb Code    30  gpio.o(i.GPIOPinTypeI2CSCL)
    GPIOPinTypePWM                           0x000049e9   Thumb Code    30  gpio.o(i.GPIOPinTypePWM)
    GPIOPinTypeSSI                           0x00004a07   Thumb Code    30  gpio.o(i.GPIOPinTypeSSI)
    GPIOPinTypeUART                          0x00004a25   Thumb Code    30  gpio.o(i.GPIOPinTypeUART)
    GPIOPinWrite                             0x00004a43   Thumb Code    10  gpio.o(i.GPIOPinWrite)
    GetSysTime_us                            0x00004a4d   Thumb Code    48  time.o(i.GetSysTime_us)
    Get_Cycle_T                              0x00004a81   Thumb Code   118  time.o(i.Get_Cycle_T)
    Height_Ctrl                              0x00004b01   Thumb Code   520  height_ctrl.o(i.Height_Ctrl)
    I2C1_Read                                0x00004d75   Thumb Code   354  my_i2c.o(i.I2C1_Read)
    I2C1_ReadByte                            0x00004edd   Thumb Code    86  my_i2c.o(i.I2C1_ReadByte)
    I2C1_Write                               0x00004f39   Thumb Code   176  my_i2c.o(i.I2C1_Write)
    I2C1_WriteByte                           0x00004fed   Thumb Code    96  my_i2c.o(i.I2C1_WriteByte)
    I2CMasterBusy                            0x00005051   Thumb Code    18  i2c.o(i.I2CMasterBusy)
    I2CMasterControl                         0x00005063   Thumb Code     4  i2c.o(i.I2CMasterControl)
    I2CMasterDataGet                         0x00005067   Thumb Code     6  i2c.o(i.I2CMasterDataGet)
    I2CMasterDataPut                         0x0000506d   Thumb Code     4  i2c.o(i.I2CMasterDataPut)
    I2CMasterEnable                          0x00005071   Thumb Code    10  i2c.o(i.I2CMasterEnable)
    I2CMasterInitExpClk                      0x0000507d   Thumb Code    78  i2c.o(i.I2CMasterInitExpClk)
    I2CMasterSlaveAddrSet                    0x000050d9   Thumb Code     8  i2c.o(i.I2CMasterSlaveAddrSet)
    ICM_20602_Init                           0x000050e1   Thumb Code   292  icm_20602.o(i.ICM_20602_Init)
    IIC1_Init                                0x00005221   Thumb Code    74  my_i2c.o(i.IIC1_Init)
    IST8310_CalOffset_Mag                    0x00005279   Thumb Code   750  ist8310.o(i.IST8310_CalOffset_Mag)
    IST8310_Init                             0x00005581   Thumb Code   186  ist8310.o(i.IST8310_Init)
    IST8310_Task                             0x00005641   Thumb Code   470  ist8310.o(i.IST8310_Task)
    IntEnable                                0x0000583d   Thumb Code   108  interrupt.o(i.IntEnable)
    IntMasterDisable                         0x000058b1   Thumb Code    16  interrupt.o(i.IntMasterDisable)
    IntMasterEnable                          0x000058c1   Thumb Code    16  interrupt.o(i.IntMasterEnable)
    IntRegister                              0x000058d1   Thumb Code    52  interrupt.o(i.IntRegister)
    LEDTaskInit                              0x0000590d   Thumb Code   116  led_task.o(i.LEDTaskInit)
    LED_Display                              0x00005991   Thumb Code   252  led_task.o(i.LED_Display)
    Loop_check                               0x00005aad   Thumb Code    86  scheduler.o(i.Loop_check)
    MS5611_BaroAltCalculate                  0x00005b09   Thumb Code   646  ms5611.o(i.MS5611_BaroAltCalculate)
    MS5611_Init                              0x00005ded   Thumb Code    34  ms5611.o(i.MS5611_Init)
    MS5611_Read_Adc_P                        0x00005e25   Thumb Code    16  ms5611.o(i.MS5611_Read_Adc_P)
    MS5611_Read_Adc_T                        0x00005e39   Thumb Code    16  ms5611.o(i.MS5611_Read_Adc_T)
    MS5611_Read_Prom                         0x00005e4d   Thumb Code    72  ms5611.o(i.MS5611_Read_Prom)
    MS5611_Start_P                           0x00005e99   Thumb Code    14  ms5611.o(i.MS5611_Start_P)
    MS5611_Start_T                           0x00005ea7   Thumb Code    14  ms5611.o(i.MS5611_Start_T)
    MS5611_Update                            0x00005eb5   Thumb Code    48  ms5611.o(i.MS5611_Update)
    Mode                                     0x00005ee9   Thumb Code    92  rc.o(i.Mode)
    Moving_Average                           0x00005f59   Thumb Code    94  filter.o(i.Moving_Average)
    Moving_Median                            0x00005fb9   Thumb Code   236  filter.o(i.Moving_Median)
    Multiread_MPU                            0x000060b1   Thumb Code    74  my_spi.o(i.Multiread_MPU)
    NRF24L01_Check                           0x00006101   Thumb Code    62  nrf24l01.o(i.NRF24L01_Check)
    NRF_Task                                 0x00006149   Thumb Code   278  app_radiolink.o(i.NRF_Task)
    PID_Para_Init                            0x00006279   Thumb Code    16  parameter.o(i.PID_Para_Init)
    PID_Para_Read                            0x00006289   Thumb Code   496  parameter.o(i.PID_Para_Read)
    PWMGenConfigure                          0x0000647d   Thumb Code    42  pwm.o(i.PWMGenConfigure)
    PWMGenEnable                             0x000064ad   Thumb Code    10  pwm.o(i.PWMGenEnable)
    PWMGenPeriodSet                          0x000064b7   Thumb Code    22  pwm.o(i.PWMGenPeriodSet)
    PWMOutputState                           0x000064cd   Thumb Code    20  pwm.o(i.PWMOutputState)
    PWMPulseWidthSet                         0x000064e1   Thumb Code    38  pwm.o(i.PWMPulseWidthSet)
    PWM_Go                                   0x00006509   Thumb Code   104  my_pwm.o(i.PWM_Go)
    PWM_Init                                 0x00006575   Thumb Code   200  my_pwm.o(i.PWM_Init)
    Para_Init                                0x00006661   Thumb Code    28  parameter.o(i.Para_Init)
    Para_ResetToFactorySetup                 0x0000667d   Thumb Code   368  parameter.o(i.Para_ResetToFactorySetup)
    Param_SavePID                            0x00006811   Thumb Code   580  parameter.o(i.Param_SavePID)
    Parameter_Save                           0x00006b35   Thumb Code    36  parameter.o(i.Parameter_Save)
    RC_Duty                                  0x00006b61   Thumb Code   914  rc.o(i.RC_Duty)
    RadioLink_Init                           0x00006f35   Thumb Code   170  app_radiolink.o(i.RadioLink_Init)
    Read_Acc_Calibration_Date                0x0000700d   Thumb Code    74  parameter.o(i.Read_Acc_Calibration_Date)
    Read_Gyro_Calibration_Date               0x0000705d   Thumb Code    74  parameter.o(i.Read_Gyro_Calibration_Date)
    Read_IST8310                             0x000070ad   Thumb Code    22  ist8310.o(i.Read_IST8310)
    Read_Mag_Calibration_Date                0x000070c5   Thumb Code    74  parameter.o(i.Read_Mag_Calibration_Date)
    SPI_RW_Reg_TX                            0x00007115   Thumb Code    54  nrf24l01.o(i.SPI_RW_Reg_TX)
    SPI_RW_TX                                0x00007155   Thumb Code   112  nrf24l01.o(i.SPI_RW_TX)
    SPI_Read_Buf_TX                          0x000071d5   Thumb Code    72  nrf24l01.o(i.SPI_Read_Buf_TX)
    SPI_Read_TX                              0x00007225   Thumb Code    52  nrf24l01.o(i.SPI_Read_TX)
    SPI_Write_Buf_TX                         0x00007261   Thumb Code    70  nrf24l01.o(i.SPI_Write_Buf_TX)
    SSI0_Init                                0x000072b1   Thumb Code   184  my_spi.o(i.SSI0_Init)
    SSIConfigSetExpClk                       0x00007381   Thumb Code    86  ssi.o(i.SSIConfigSetExpClk)
    SSIDisable                               0x000073d7   Thumb Code    10  ssi.o(i.SSIDisable)
    SSIEnable                                0x000073e1   Thumb Code    10  ssi.o(i.SSIEnable)
    Save_Acc_Calibration_Date                0x000073ed   Thumb Code    78  parameter.o(i.Save_Acc_Calibration_Date)
    Save_Gyro_Calibration_Date               0x00007441   Thumb Code    80  parameter.o(i.Save_Gyro_Calibration_Date)
    Save_Mag_Calibration_Date                0x00007495   Thumb Code    80  parameter.o(i.Save_Mag_Calibration_Date)
    Set_RX_Mode                              0x000074e9   Thumb Code    64  nrf24l01.o(i.Set_RX_Mode)
    SysCtlClockGet                           0x00007531   Thumb Code   324  sysctl.o(i.SysCtlClockGet)
    SysCtlClockSet                           0x0000769d   Thumb Code   280  sysctl.o(i.SysCtlClockSet)
    SysCtlPWMClockSet                        0x000077c9   Thumb Code    16  sysctl.o(i.SysCtlPWMClockSet)
    SysCtlPeripheralEnable                   0x000077dd   Thumb Code    46  sysctl.o(i.SysCtlPeripheralEnable)
    SysCtlPeripheralReset                    0x00007811   Thumb Code   106  sysctl.o(i.SysCtlPeripheralReset)
    SysHardware_Init                         0x00007881   Thumb Code    82  main.o(i.SysHardware_Init)
    SysTickEnable                            0x000078dd   Thumb Code    18  systick.o(i.SysTickEnable)
    SysTickIntEnable                         0x000078ef   Thumb Code    18  systick.o(i.SysTickIntEnable)
    SysTickIntRegister                       0x00007901   Thumb Code    30  systick.o(i.SysTickIntRegister)
    SysTickPeriodGet                         0x0000791f   Thumb Code    10  systick.o(i.SysTickPeriodGet)
    SysTickPeriodSet                         0x00007929   Thumb Code    10  systick.o(i.SysTickPeriodSet)
    SysTickValueGet                          0x00007933   Thumb Code     8  systick.o(i.SysTickValueGet)
    SysTick_Configuration                    0x0000793d   Thumb Code    36  time.o(i.SysTick_Configuration)
    SysTick_Handler                          0x00007965   Thumb Code    18  time.o(i.SysTick_Handler)
    SystemInit                               0x0000797d   Thumb Code   112  system_tm4c123.o(i.SystemInit)
    TIMER0A_Handler                          0x00007a15   Thumb Code    88  my_timer.o(i.TIMER0A_Handler)
    TIMER1A_Handler                          0x00007a89   Thumb Code    38  my_timer.o(i.TIMER1A_Handler)
    Thr_Ctrl                                 0x00007ab9   Thumb Code   264  ctrl.o(i.Thr_Ctrl)
    Timer0A_Init                             0x00007bf5   Thumb Code    66  my_timer.o(i.Timer0A_Init)
    TimerConfigure                           0x00007c45   Thumb Code    84  timer.o(i.TimerConfigure)
    TimerEnable                              0x00007ca5   Thumb Code    14  timer.o(i.TimerEnable)
    TimerIntClear                            0x00007cb3   Thumb Code     4  timer.o(i.TimerIntClear)
    TimerIntEnable                           0x00007cb7   Thumb Code     8  timer.o(i.TimerIntEnable)
    TimerLoadSet                             0x00007cbf   Thumb Code    16  timer.o(i.TimerLoadSet)
    To_180_degrees                           0x00007cd1   Thumb Code    58  mymath.o(i.To_180_degrees)
    Transform                                0x00007d19   Thumb Code    14  icm_20602.o(i.Transform)
    UART0_Handler                            0x00007d29   Thumb Code    54  my_uart.o(i.UART0_Handler)
    UART0_Init                               0x00007d69   Thumb Code    94  my_uart.o(i.UART0_Init)
    UART1_Handler                            0x00007ddd   Thumb Code   292  app_radiolink.o(i.UART1_Handler)
    UART3_Handler                            0x00007f29   Thumb Code    54  ultrasonic.o(i.UART3_Handler)
    UARTBusy                                 0x00007fe9   Thumb Code    10  uart.o(i.UARTBusy)
    UARTCharGet                              0x00007ff3   Thumb Code    18  uart.o(i.UARTCharGet)
    UARTCharPut                              0x00008005   Thumb Code    16  uart.o(i.UARTCharPut)
    UARTCharsAvail                           0x00008015   Thumb Code    12  uart.o(i.UARTCharsAvail)
    UARTClockSourceSet                       0x00008021   Thumb Code     6  uart.o(i.UARTClockSourceSet)
    UARTConfigSetExpClk                      0x00008027   Thumb Code    76  uart.o(i.UARTConfigSetExpClk)
    UARTDisable                              0x00008073   Thumb Code    32  uart.o(i.UARTDisable)
    UARTEnable                               0x00008093   Thumb Code    20  uart.o(i.UARTEnable)
    UARTFIFODisable                          0x000080a7   Thumb Code    10  uart.o(i.UARTFIFODisable)
    UARTIntClear                             0x000080b1   Thumb Code     4  uart.o(i.UARTIntClear)
    UARTIntEnable                            0x000080b5   Thumb Code     8  uart.o(i.UARTIntEnable)
    UARTIntRegister                          0x000080bd   Thumb Code    30  uart.o(i.UARTIntRegister)
    UARTIntStatus                            0x000080db   Thumb Code    12  uart.o(i.UARTIntStatus)
    UARTStringPut                            0x000080e7   Thumb Code    44  my_uart.o(i.UARTStringPut)
    Ultra_Ctrl                               0x00008115   Thumb Code  1368  height_ctrl.o(i.Ultra_Ctrl)
    Ultra_Duty                               0x0000868d   Thumb Code    58  ultrasonic.o(i.Ultra_Duty)
    Ultra_Get                                0x000086d5   Thumb Code    78  ultrasonic.o(i.Ultra_Get)
    Ultra_PID_Init                           0x0000873d   Thumb Code    38  height_ctrl.o(i.Ultra_PID_Init)
    Ultrasonic_Init                          0x0000876d   Thumb Code    12  ultrasonic.o(i.Ultrasonic_Init)
    WZ_Speed_PID_Init                        0x00008779   Thumb Code    38  height_ctrl.o(i.WZ_Speed_PID_Init)
    Write_IST8310                            0x000087a9   Thumb Code    22  ist8310.o(i.Write_IST8310)
    __0printf$5                              0x00008899   Thumb Code    22  printf5.o(i.__0printf$5)
    __1printf$5                              0x00008899   Thumb Code     0  printf5.o(i.__0printf$5)
    __2printf                                0x00008899   Thumb Code     0  printf5.o(i.__0printf$5)
    __ARM_fpclassify                         0x000088b9   Thumb Code    48  fpclassify.o(i.__ARM_fpclassify)
    __hardfp_asin                            0x000088e9   Thumb Code   770  asin.o(i.__hardfp_asin)
    __hardfp_atan                            0x00008c49   Thumb Code   622  atan.o(i.__hardfp_atan)
    __hardfp_atan2                           0x00008f21   Thumb Code   432  atan2.o(i.__hardfp_atan2)
    __kernel_poly                            0x00009111   Thumb Code   248  poly.o(i.__kernel_poly)
    __mathlib_dbl_infnan                     0x00009209   Thumb Code    20  dunder.o(i.__mathlib_dbl_infnan)
    __mathlib_dbl_infnan2                    0x0000921d   Thumb Code    20  dunder.o(i.__mathlib_dbl_infnan2)
    __mathlib_dbl_invalid                    0x00009231   Thumb Code    24  dunder.o(i.__mathlib_dbl_invalid)
    __mathlib_dbl_underflow                  0x00009251   Thumb Code    24  dunder.o(i.__mathlib_dbl_underflow)
    __scatterload_copy                       0x00009271   Thumb Code    14  handlers.o(i.__scatterload_copy)
    __scatterload_null                       0x0000927f   Thumb Code     2  handlers.o(i.__scatterload_null)
    __scatterload_zeroinit                   0x00009281   Thumb Code    14  handlers.o(i.__scatterload_zeroinit)
    __set_errno                              0x00009291   Thumb Code     6  errno.o(i.__set_errno)
    atan                                     0x0000955d   Thumb Code    16  atan.o(i.atan)
    bytewrite_MPU                            0x0000956d   Thumb Code    68  my_spi.o(i.bytewrite_MPU)
    calibration_parameters                   0x000095b5   Thumb Code   422  ist8310.o(i.calibration_parameters)
    fabs                                     0x0000976f   Thumb Code    24  fabs.o(i.fabs)
    fast_atan2                               0x00009789   Thumb Code   350  mymath.o(i.fast_atan2)
    fputc                                    0x00009905   Thumb Code    30  my_uart.o(i.fputc)
    free                                     0x00009929   Thumb Code    76  malloc.o(i.free)
    height_speed_ctrl                        0x00009979   Thumb Code   854  height_ctrl.o(i.height_speed_ctrl)
    icm20602_Data_Offset                     0x00009d35   Thumb Code   682  icm_20602.o(i.icm20602_Data_Offset)
    icm20602_Data_Prepare                    0x0000a001   Thumb Code  1284  icm_20602.o(i.icm20602_Data_Prepare)
    init_NRF24L01_TX                         0x0000a511   Thumb Code   324  nrf24l01.o(i.init_NRF24L01_TX)
    main                                     0x0000a689   Thumb Code    12  main.o(i.main)
    malloc                                   0x0000a695   Thumb Code    92  malloc.o(i.malloc)
    matrix_free                              0x0000a701   Thumb Code    12  matrix.o(i.matrix_free)
    matrix_init                              0x0000a70d   Thumb Code    20  matrix.o(i.matrix_init)
    matrix_inverse                           0x0000a721   Thumb Code   854  matrix.o(i.matrix_inverse)
    matrix_multiply                          0x0000aa7d   Thumb Code   164  matrix.o(i.matrix_multiply)
    matrix_read                              0x0000ab25   Thumb Code    40  matrix.o(i.matrix_read)
    matrix_set_m                             0x0000ab51   Thumb Code     4  matrix.o(i.matrix_set_m)
    matrix_set_n                             0x0000ab55   Thumb Code     4  matrix.o(i.matrix_set_n)
    matrix_write                             0x0000ab59   Thumb Code    44  matrix.o(i.matrix_write)
    my_abs                                   0x0000ab85   Thumb Code    26  mymath.o(i.my_abs)
    my_deathzoom                             0x0000aba1   Thumb Code    62  mymath.o(i.my_deathzoom)
    my_deathzoom_2                           0x0000abe5   Thumb Code    40  mymath.o(i.my_deathzoom_2)
    my_pow                                   0x0000ac11   Thumb Code    10  mymath.o(i.my_pow)
    my_sqrt                                  0x0000ac1d   Thumb Code    88  mymath.o(i.my_sqrt)
    nRF24L01_RxPacket                        0x0000ac79   Thumb Code    90  nrf24l01.o(i.nRF24L01_RxPacket)
    send_and_receive                         0x0000ace5   Thumb Code    42  my_spi.o(i.send_and_receive)
    simple_3d_trans                          0x0000ad15   Thumb Code   272  filter.o(i.simple_3d_trans)
    sqrt                                     0x0000ae31   Thumb Code   110  sqrt.o(i.sqrt)
    sys_time                                 0x0000aea1   Thumb Code   116  time.o(i.sys_time)
    __mathlib_zero                           0x0000b618   Data           8  qnan.o(.constdata)
    Region$$Table$$Base                      0x0000b620   Number         0  anon$$obj.o(Region$$Table)
    Region$$Table$$Limit                     0x0000b640   Number         0  anon$$obj.o(Region$$Table)
    Systermcoreclock                         0x20000000   Data           4  main.o(.data)
    RF_Reciver                               0x20000008   Data           1  app_radiolink.o(.data)
    Pack_Num                                 0x2000000c   Data           4  app_radiolink.o(.data)
    Sync_Time                                0x20000010   Data           1  app_radiolink.o(.data)
    Check_num                                0x20000011   Data           1  app_radiolink.o(.data)
    i                                        0x20000012   Data           1  app_radiolink.o(.data)
    sysTickUptime                            0x20000028   Data           4  time.o(.data)
    Timestamp_1us                            0x2000002c   Data           4  time.o(.data)
    time_1h                                  0x20000030   Data           4  time.o(.data)
    time_1m                                  0x20000034   Data           4  time.o(.data)
    time_1s                                  0x20000038   Data           4  time.o(.data)
    time_1ms                                 0x2000003c   Data           4  time.o(.data)
    Roll                                     0x20000040   Data           4  imu.o(.data)
    Pitch                                    0x20000044   Data           4  imu.o(.data)
    Yaw                                      0x20000048   Data           4  imu.o(.data)
    ref_q                                    0x2000004c   Data          16  imu.o(.data)
    norm_acc                                 0x2000005c   Data           4  imu.o(.data)
    norm_q                                   0x20000060   Data           4  imu.o(.data)
    norm_acc_lpf                             0x20000064   Data           4  imu.o(.data)
    mag_norm                                 0x20000068   Data           4  imu.o(.data)
    mag_norm_xyz                             0x2000006c   Data           4  imu.o(.data)
    fast_atan_table                          0x20000078   Data        1028  mymath.o(.data)
    CH_in_Mapping                            0x2000047c   Data           6  rc.o(.data)
    NS                                       0x20000482   Data           1  rc.o(.data)
    CH_Error                                 0x20000483   Data           6  rc.o(.data)
    NS_cnt                                   0x2000048a   Data           2  rc.o(.data)
    MAX_CH                                   0x2000048c   Data          12  rc.o(.data)
    MIN_CH                                   0x20000498   Data          12  rc.o(.data)
    CH_DIR                                   0x200004a4   Data           6  rc.o(.data)
    filter_A                                 0x200004ac   Data           4  rc.o(.data)
    fly_ready                                0x200004b0   Data           1  rc.o(.data)
    ready_cnt                                0x200004b2   Data           2  rc.o(.data)
    height_ctrl_mode                         0x200004b4   Data           1  rc.o(.data)
    thr_value                                0x200004b8   Data           4  ctrl.o(.data)
    Thr_Low                                  0x200004bc   Data           1  ctrl.o(.data)
    Thr_Weight                               0x200004c0   Data           4  ctrl.o(.data)
    med_filter_out                           0x200004cc   Data           8  filter.o(.data)
    med_fil_cnt                              0x200004d4   Data           2  filter.o(.data)
    checkdata_to_send                        0x200004e0   Data           1  data_transfer.o(.data)
    checksum_to_send                         0x200004e1   Data           1  data_transfer.o(.data)
    flash_save_en_cnt                        0x200004e2   Data           2  data_transfer.o(.data)
    loop_cnt                                 0x200004f4   Data           2  scheduler.o(.data)
    ESC_Calibration                          0x200004f6   Data           1  scheduler.o(.data)
    Cali_time1                               0x200004f8   Data           4  scheduler.o(.data)
    Cali_time2                               0x200004fc   Data           4  scheduler.o(.data)
    LED_Mode                                 0x20000500   Data           1  scheduler.o(.data)
    RF_Lost                                  0x20000501   Data           1  scheduler.o(.data)
    Lost_Time                                0x20000502   Data           1  scheduler.o(.data)
    baro_speed                               0x20000504   Data           4  height_ctrl.o(.data)
    height_ctrl_out                          0x20000508   Data           4  height_ctrl.o(.data)
    wz_acc                                   0x2000050c   Data           4  height_ctrl.o(.data)
    baro_cnt                                 0x20000510   Data           4  height_ctrl.o(.data)
    wz_speed                                 0x20000514   Data           4  height_ctrl.o(.data)
    wz_speed_old                             0x20000518   Data           4  height_ctrl.o(.data)
    wz_acc_mms2                              0x2000051c   Data           4  height_ctrl.o(.data)
    baro_ctrl_start                          0x20000520   Data           1  height_ctrl.o(.data)
    baro_height                              0x20000524   Data           4  height_ctrl.o(.data)
    baro_height_old                          0x20000528   Data           4  height_ctrl.o(.data)
    baro_measure                             0x2000052c   Data           4  height_ctrl.o(.data)
    exp_height_speed                         0x20000530   Data           4  height_ctrl.o(.data)
    exp_height                               0x20000534   Data           4  height_ctrl.o(.data)
    ultra_speed                              0x20000538   Data           4  height_ctrl.o(.data)
    ultra_dis_lpf                            0x2000053c   Data           4  height_ctrl.o(.data)
    ultra_ctrl_out                           0x20000540   Data           4  height_ctrl.o(.data)
    ultra_start_f                            0x20000564   Data           1  ultrasonic.o(.data)
    ultra_time                               0x20000565   Data           1  ultrasonic.o(.data)
    ultra_ok                                 0x20000566   Data           1  ultrasonic.o(.data)
    ultra_distance                           0x20000568   Data           2  ultrasonic.o(.data)
    ultra_distance_old                       0x2000056a   Data           2  ultrasonic.o(.data)
    ultra_delta                              0x2000056c   Data           2  ultrasonic.o(.data)
    icm20602_ok                              0x20000570   Data           1  icm_20602.o(.data)
    id                                       0x20000571   Data           1  icm_20602.o(.data)
    acc_sum_cnt                              0x20000572   Data           2  icm_20602.o(.data)
    gyro_sum_cnt                             0x20000574   Data           2  icm_20602.o(.data)
    filter_cnt                               0x20000576   Data           1  icm_20602.o(.data)
    filter_cnt_old                           0x20000577   Data           1  icm_20602.o(.data)
    test_ang                                 0x20000578   Data           4  icm_20602.o(.data)
    test_ang_old                             0x2000057c   Data           4  icm_20602.o(.data)
    test_ang_d                               0x20000580   Data           4  icm_20602.o(.data)
    test_fli_a                               0x20000584   Data           4  icm_20602.o(.data)
    test_i                                   0x20000588   Data           4  icm_20602.o(.data)
    ist8310                                  0x2000058c   Data          44  ist8310.o(.data)
    Magnetic_data                            0x200005b8   Data           4  ist8310.o(.data)
    Original_Magnetic                        0x200005bc   Data           6  ist8310.o(.data)
    magadd                                   0x200005c4   Data           4  ist8310.o(.data)
    magnum                                   0x200005c8   Data           4  ist8310.o(.data)
    Config_IST8310                           0x200005cc   Data           4  ist8310.o(.data)
    angle                                    0x200005d0   Data           4  ist8310.o(.data)
    ist8310_ok                               0x200005d4   Data           1  ist8310.o(.data)
    Mag_CALIBRATED                           0x200005d5   Data           1  ist8310.o(.data)
    sta                                      0x200005f2   Data           1  nrf24l01.o(.data)
    RF_channel                               0x200005f3   Data           1  nrf24l01.o(.data)
    RF_channel_Tx                            0x200005f4   Data           1  nrf24l01.o(.data)
    RF_Speed                                 0x200005f5   Data           1  nrf24l01.o(.data)
    TX_PLOAD_WIDTH                           0x200005f6   Data           1  nrf24l01.o(.data)
    RX_PLOAD_WIDTH                           0x200005f7   Data           1  nrf24l01.o(.data)
    TX_ADDRESS                               0x200005f8   Data           5  nrf24l01.o(.data)
    RX_ADDRESS                               0x200005fd   Data           5  nrf24l01.o(.data)
    RX_ADDRESS_P1                            0x20000602   Data           5  nrf24l01.o(.data)
    RX_ADDRESS_P2                            0x20000607   Data           5  nrf24l01.o(.data)
    RX_ADDRESS_P3                            0x2000060c   Data           5  nrf24l01.o(.data)
    RX_ADDRESS_P4                            0x20000611   Data           5  nrf24l01.o(.data)
    RX_ADDRESS_P5                            0x20000616   Data           5  nrf24l01.o(.data)
    NRF_CRC                                  0x2000061b   Data           1  nrf24l01.o(.data)
    baroAlt                                  0x20000624   Data           4  ms5611.o(.data)
    baroAltOld                               0x20000628   Data           4  ms5611.o(.data)
    baro_alt_speed                           0x2000062c   Data           4  ms5611.o(.data)
    baro_Offset                              0x20000630   Data           4  ms5611.o(.data)
    ms5611_ut                                0x20000634   Data           4  ms5611.o(.data)
    ms5611_up                                0x20000638   Data           4  ms5611.o(.data)
    t_rxbuf                                  0x2000063c   Data           3  ms5611.o(.data)
    p_rxbuf                                  0x2000063f   Data           3  ms5611.o(.data)
    ms5611_ok                                0x20000642   Data           1  ms5611.o(.data)
    temperature_5611                         0x20000644   Data           4  ms5611.o(.data)
    Write_Buffer                             0x20000650   Data          32  my_eeprom.o(.data)
    TimeStamp_1ms                            0x20000678   Data           4  my_timer.o(.data)
    TimeStamp_10us                           0x20000680   Data           8  my_timer.o(.data)
    Now_PackNum                              0x20000688   Data           4  my_timer.o(.data)
    __stdout                                 0x2000069c   Data           4  stdout.o(.data)
    __microlib_freelist                      0x200006a0   Data           4  mvars.o(.data)
    __microlib_freelist_initialised          0x200006a4   Data           4  mvars.o(.data)
    TxBuf                                    0x20000a6c   Data          32  app_radiolink.o(.bss)
    RxBuf                                    0x20000a8c   Data          32  app_radiolink.o(.bss)
    DBUS_Link                                0x20000aac   Data          12  app_radiolink.o(.bss)
    NRF_Link                                 0x20000ab8   Data          12  app_radiolink.o(.bss)
    USART_RX_BUF                             0x20000ac4   Data          25  app_radiolink.o(.bss)
    Cycle_T                                  0x20000aec   Data          60  time.o(.bss)
    reference_v                              0x20000b28   Data          12  imu.o(.bss)
    ref                                      0x20000b34   Data          60  imu.o(.bss)
    mag_sim_3d                               0x20000b70   Data          12  imu.o(.bss)
    sensor_setup                             0x20000b88   Data          64  parameter.o(.bss)
    pid_setup                                0x20000bc8   Data         192  parameter.o(.bss)
    CH                                       0x20000c88   Data          12  rc.o(.bss)
    CH_Old                                   0x20000c94   Data          24  rc.o(.bss)
    CH_filter                                0x20000cac   Data          24  rc.o(.bss)
    CH_filter_Old                            0x20000cc4   Data          24  rc.o(.bss)
    CH_filter_D                              0x20000cdc   Data          24  rc.o(.bss)
    CLR_CH_Error                             0x20000cf4   Data          12  rc.o(.bss)
    ctrl_1                                   0x20000d00   Data         196  ctrl.o(.bss)
    ctrl_2                                   0x20000dc4   Data         196  ctrl.o(.bss)
    except_A                                 0x20000e88   Data          12  ctrl.o(.bss)
    ctrl_angle_offset                        0x20000e94   Data          12  ctrl.o(.bss)
    compensation                             0x20000ea0   Data          12  ctrl.o(.bss)
    except_AS                                0x20000eac   Data          12  ctrl.o(.bss)
    g_old                                    0x20000eb8   Data          28  ctrl.o(.bss)
    motor                                    0x20000ed4   Data          16  ctrl.o(.bss)
    posture_value                            0x20000ee4   Data          16  ctrl.o(.bss)
    curve                                    0x20000ef4   Data          16  ctrl.o(.bss)
    med_filter_tmp                           0x20000f04   Data          88  filter.o(.bss)
    f                                        0x20000f5c   Data          18  data_transfer.o(.bss)
    data_to_send                             0x20000f6e   Data          50  data_transfer.o(.bss)
    RX_CH                                    0x20000fa0   Data          12  data_transfer.o(.bss)
    loop                                     0x20000fe0   Data          16  scheduler.o(.bss)
    test                                     0x20000ff0   Data          20  scheduler.o(.bss)
    wz_speed_pid_v                           0x20001004   Data          20  height_ctrl.o(.bss)
    wz_speed_pid                             0x20001018   Data          12  height_ctrl.o(.bss)
    baro_speed_arr                           0x20001024   Data         404  height_ctrl.o(.bss)
    ultra_ctrl                               0x200011b8   Data          20  height_ctrl.o(.bss)
    ultra_pid                                0x200011cc   Data          12  height_ctrl.o(.bss)
    icm20602                                 0x200011d8   Data         128  icm_20602.o(.bss)
    icm20602_buffer                          0x20001258   Data          14  icm_20602.o(.bss)
    sum_temp                                 0x20001268   Data          28  icm_20602.o(.bss)
    FILT_BUF                                 0x20001284   Data         154  icm_20602.o(.bss)
    icm20602_tmp                             0x20001320   Data          28  icm_20602.o(.bss)
    mpu_fil_tmp                              0x2000133c   Data          28  icm_20602.o(.bss)
    Corr_matri_X                             0x20001358   Data          36  ist8310.o(.bss)
    ms5611_prom                              0x20001388   Data          16  ms5611.o(.bss)
    __heap_base                              0x20001398   Data           0  startup_tm4c123.o(HEAP)
    __heap_limit                             0x20001398   Data           0  startup_tm4c123.o(HEAP)
    __initial_sp                             0x20001598   Data           0  startup_tm4c123.o(STACK)



==============================================================================

Memory Map of the image

  Image Entry point : 0x0000026d

  Load Region LR_IROM1 (Base: 0x00000000, Size: 0x0000c0ac, Max: 0x00040000, ABSOLUTE, COMPRESSED[0x0000bac4])

    Execution Region ER_IROM1 (Exec base: 0x00000000, Load base: 0x00000000, Size: 0x0000b640, Max: 0x00040000, ABSOLUTE)

    Exec Addr    Load Addr    Size         Type   Attr      Idx    E Section Name        Object

    0x00000000   0x00000000   0x0000026c   Data   RO         3944    RESET               startup_tm4c123.o
    0x0000026c   0x0000026c   0x00000000   Code   RO         4038  * .ARM.Collect$$$$00000000  mc_w.l(entry.o)
    0x0000026c   0x0000026c   0x00000004   Code   RO         4401    .ARM.Collect$$$$00000001  mc_w.l(entry2.o)
    0x00000270   0x00000270   0x00000004   Code   RO         4404    .ARM.Collect$$$$00000004  mc_w.l(entry5.o)
    0x00000274   0x00000274   0x00000000   Code   RO         4406    .ARM.Collect$$$$00000008  mc_w.l(entry7b.o)
    0x00000274   0x00000274   0x00000000   Code   RO         4408    .ARM.Collect$$$$0000000A  mc_w.l(entry8b.o)
    0x00000274   0x00000274   0x00000008   Code   RO         4409    .ARM.Collect$$$$0000000B  mc_w.l(entry9a.o)
    0x0000027c   0x0000027c   0x00000000   Code   RO         4411    .ARM.Collect$$$$0000000D  mc_w.l(entry10a.o)
    0x0000027c   0x0000027c   0x00000000   Code   RO         4413    .ARM.Collect$$$$0000000F  mc_w.l(entry11a.o)
    0x0000027c   0x0000027c   0x00000004   Code   RO         4402    .ARM.Collect$$$$00002712  mc_w.l(entry2.o)
    0x00000280   0x00000280   0x00000026   Code   RO         1581    .emb_text           cpu.o
    0x000002a6   0x000002a6   0x00000002   PAD
    0x000002a8   0x000002a8   0x00000006   Code   RO         2602    .emb_text           sysctl.o
    0x000002ae   0x000002ae   0x00000002   PAD
    0x000002b0   0x000002b0   0x000000fc   Code   RO         3945    .text               startup_tm4c123.o
    0x000003ac   0x000003ac   0x00000024   Code   RO         4041    .text               mc_w.l(memseta.o)
    0x000003d0   0x000003d0   0x0000014e   Code   RO         4332    .text               mf_w.l(dadd.o)
    0x0000051e   0x0000051e   0x000000e4   Code   RO         4334    .text               mf_w.l(dmul.o)
    0x00000602   0x00000602   0x000000de   Code   RO         4336    .text               mf_w.l(ddiv.o)
    0x000006e0   0x000006e0   0x00000022   Code   RO         4340    .text               mf_w.l(dflti.o)
    0x00000702   0x00000702   0x00000026   Code   RO         4342    .text               mf_w.l(f2d.o)
    0x00000728   0x00000728   0x00000038   Code   RO         4348    .text               mf_w.l(d2f.o)
    0x00000760   0x00000760   0x00000062   Code   RO         4418    .text               mc_w.l(uldiv.o)
    0x000007c2   0x000007c2   0x0000001e   Code   RO         4420    .text               mc_w.l(llshl.o)
    0x000007e0   0x000007e0   0x00000024   Code   RO         4422    .text               mc_w.l(llsshr.o)
    0x00000804   0x00000804   0x00000000   Code   RO         4437    .text               mc_w.l(iusefp.o)
    0x00000804   0x00000804   0x0000006e   Code   RO         4438    .text               mf_w.l(fepilogue.o)
    0x00000872   0x00000872   0x000000ba   Code   RO         4440    .text               mf_w.l(depilogue.o)
    0x0000092c   0x0000092c   0x00000024   Code   RO         4444    .text               mc_w.l(init.o)
    0x00000950   0x00000950   0x00000020   Code   RO         4446    .text               mc_w.l(llushr.o)
    0x00000970   0x00000970   0x000000a2   Code   RO         4448    .text               mf_w.l(dsqrt.o)
    0x00000a12   0x00000a12   0x00000056   Code   RO         4458    .text               mc_w.l(__dczerorl2.o)
    0x00000a68   0x00000a68   0x00000954   Code   RO          360    i.AHRS_update       imu.o
    0x000013bc   0x000013bc   0x000005b0   Code   RO          717    i.ANO_DT_Data_Exchange  data_transfer.o
    0x0000196c   0x0000196c   0x00000784   Code   RO          718    i.ANO_DT_Data_Receive_Anl  data_transfer.o
    0x000020f0   0x000020f0   0x000000e8   Code   RO          719    i.ANO_DT_Data_Receive_Prepare  data_transfer.o
    0x000021d8   0x000021d8   0x00000044   Code   RO          720    i.ANO_DT_Send_Check  data_transfer.o
    0x0000221c   0x0000221c   0x0000001c   Code   RO          721    i.ANO_DT_Send_Data  data_transfer.o
    0x00002238   0x00002238   0x0000012c   Code   RO          722    i.ANO_DT_Send_Location  data_transfer.o
    0x00002364   0x00002364   0x0000012c   Code   RO          723    i.ANO_DT_Send_MotoPWM  data_transfer.o
    0x00002490   0x00002490   0x0000023c   Code   RO          724    i.ANO_DT_Send_PID   data_transfer.o
    0x000026cc   0x000026cc   0x0000008c   Code   RO          725    i.ANO_DT_Send_Power  data_transfer.o
    0x00002758   0x00002758   0x00000164   Code   RO          726    i.ANO_DT_Send_RCData  data_transfer.o
    0x000028bc   0x000028bc   0x0000019c   Code   RO          727    i.ANO_DT_Send_Senser  data_transfer.o
    0x00002a58   0x00002a58   0x000000a0   Code   RO          728    i.ANO_DT_Send_Senser2  data_transfer.o
    0x00002af8   0x00002af8   0x000000fc   Code   RO          729    i.ANO_DT_Send_Speed  data_transfer.o
    0x00002bf4   0x00002bf4   0x00000158   Code   RO          730    i.ANO_DT_Send_Status  data_transfer.o
    0x00002d4c   0x00002d4c   0x00000144   Code   RO          731    i.ANO_DT_Send_User  data_transfer.o
    0x00002e90   0x00002e90   0x000000c4   Code   RO          732    i.ANO_DT_Send_Version  data_transfer.o
    0x00002f54   0x00002f54   0x00000394   Code   RO          642    i.All_Out           ctrl.o
    0x000032e8   0x000032e8   0x00000098   Code   RO          901    i.Baro_Ctrl         height_ctrl.o
    0x00003380   0x00003380   0x00000016   Code   RO         1324    i.ByteRead_MPU      my_spi.o
    0x00003396   0x00003396   0x00000002   PAD
    0x00003398   0x00003398   0x00000710   Code   RO          643    i.CTRL_1            ctrl.o
    0x00003aa8   0x00003aa8   0x000005dc   Code   RO          644    i.CTRL_2            ctrl.o
    0x00004084   0x00004084   0x0000002c   Code   RO          645    i.Ctrl_Para_Init    ctrl.o
    0x000040b0   0x000040b0   0x00000018   Code   RO          300    i.Delay_ms          time.o
    0x000040c8   0x000040c8   0x00000018   Code   RO          301    i.Delay_us          time.o
    0x000040e0   0x000040e0   0x00000014   Code   RO          834    i.Duty_10ms         scheduler.o
    0x000040f4   0x000040f4   0x00000024   Code   RO          835    i.Duty_1ms          scheduler.o
    0x00004118   0x00004118   0x0000001c   Code   RO          836    i.Duty_20ms         scheduler.o
    0x00004134   0x00004134   0x0000015c   Code   RO          837    i.Duty_2ms          scheduler.o
    0x00004290   0x00004290   0x00000064   Code   RO          838    i.Duty_50ms         scheduler.o
    0x000042f4   0x000042f4   0x000000d0   Code   RO          839    i.Duty_5ms          scheduler.o
    0x000043c4   0x000043c4   0x00000090   Code   RO          840    i.Duty_Loop         scheduler.o
    0x00004454   0x00004454   0x00000010   Code   RO         1595    i.EEPROMBlockCountGet  eeprom.o
    0x00004464   0x00004464   0x00000044   Code   RO         1602    i.EEPROMInit        eeprom.o
    0x000044a8   0x000044a8   0x000000d0   Code   RO         1608    i.EEPROMProgram     eeprom.o
    0x00004578   0x00004578   0x00000038   Code   RO         1610    i.EEPROMRead        eeprom.o
    0x000045b0   0x000045b0   0x00000010   Code   RO         1611    i.EEPROMSizeGet     eeprom.o
    0x000045c0   0x000045c0   0x00000060   Code   RO         1258    i.EEPROM_Init       my_eeprom.o
    0x00004620   0x00004620   0x00000024   Code   RO         1259    i.EEPROM_Read       my_eeprom.o
    0x00004644   0x00004644   0x0000002c   Code   RO         1260    i.EEPROM_Write      my_eeprom.o
    0x00004670   0x00004670   0x00000014   Code   RO         1740    i.FPUEnable         fpu.o
    0x00004684   0x00004684   0x00000014   Code   RO         1743    i.FPULazyStackingEnable  fpu.o
    0x00004698   0x00004698   0x00000014   Code   RO          598    i.Feed_Rc_Dog       rc.o
    0x000046ac   0x000046ac   0x000000e0   Code   RO          599    i.Fly_Ready         rc.o
    0x0000478c   0x0000478c   0x00000032   Code   RO         1807    i.GPIODirModeSet    gpio.o
    0x000047be   0x000047be   0x00000156   Code   RO         1819    i.GPIOPadConfigSet  gpio.o
    0x00004914   0x00004914   0x00000050   Code   RO         1820    i.GPIOPinConfigure  gpio.o
    0x00004964   0x00004964   0x0000000c   Code   RO         1821    i.GPIOPinRead       gpio.o
    0x00004970   0x00004970   0x0000001e   Code   RO         1830    i.GPIOPinTypeGPIOInput  gpio.o
    0x0000498e   0x0000498e   0x0000001e   Code   RO         1831    i.GPIOPinTypeGPIOOutput  gpio.o
    0x000049ac   0x000049ac   0x0000001e   Code   RO         1834    i.GPIOPinTypeI2C    gpio.o
    0x000049ca   0x000049ca   0x0000001e   Code   RO         1835    i.GPIOPinTypeI2CSCL  gpio.o
    0x000049e8   0x000049e8   0x0000001e   Code   RO         1838    i.GPIOPinTypePWM    gpio.o
    0x00004a06   0x00004a06   0x0000001e   Code   RO         1840    i.GPIOPinTypeSSI    gpio.o
    0x00004a24   0x00004a24   0x0000001e   Code   RO         1843    i.GPIOPinTypeUART   gpio.o
    0x00004a42   0x00004a42   0x0000000a   Code   RO         1849    i.GPIOPinWrite      gpio.o
    0x00004a4c   0x00004a4c   0x00000034   Code   RO          302    i.GetSysTime_us     time.o
    0x00004a80   0x00004a80   0x00000080   Code   RO          303    i.Get_Cycle_T       time.o
    0x00004b00   0x00004b00   0x00000274   Code   RO          902    i.Height_Ctrl       height_ctrl.o
    0x00004d74   0x00004d74   0x00000168   Code   RO         1499    i.I2C1_Read         my_i2c.o
    0x00004edc   0x00004edc   0x0000005c   Code   RO         1500    i.I2C1_ReadByte     my_i2c.o
    0x00004f38   0x00004f38   0x000000b4   Code   RO         1501    i.I2C1_Write        my_i2c.o
    0x00004fec   0x00004fec   0x00000064   Code   RO         1502    i.I2C1_WriteByte    my_i2c.o
    0x00005050   0x00005050   0x00000012   Code   RO         3613    i.I2CMasterBusy     i2c.o
    0x00005062   0x00005062   0x00000004   Code   RO         3614    i.I2CMasterControl  i2c.o
    0x00005066   0x00005066   0x00000006   Code   RO         3615    i.I2CMasterDataGet  i2c.o
    0x0000506c   0x0000506c   0x00000004   Code   RO         3616    i.I2CMasterDataPut  i2c.o
    0x00005070   0x00005070   0x0000000a   Code   RO         3618    i.I2CMasterEnable   i2c.o
    0x0000507a   0x0000507a   0x00000002   PAD
    0x0000507c   0x0000507c   0x0000005c   Code   RO         3621    i.I2CMasterInitExpClk  i2c.o
    0x000050d8   0x000050d8   0x00000008   Code   RO         3631    i.I2CMasterSlaveAddrSet  i2c.o
    0x000050e0   0x000050e0   0x00000140   Code   RO          991    i.ICM_20602_Init    icm_20602.o
    0x00005220   0x00005220   0x00000058   Code   RO         1504    i.IIC1_Init         my_i2c.o
    0x00005278   0x00005278   0x00000308   Code   RO         1044    i.IST8310_CalOffset_Mag  ist8310.o
    0x00005580   0x00005580   0x000000c0   Code   RO         1045    i.IST8310_Init      ist8310.o
    0x00005640   0x00005640   0x000001fc   Code   RO         1046    i.IST8310_Task      ist8310.o
    0x0000583c   0x0000583c   0x00000074   Code   RO         2104    i.IntEnable         interrupt.o
    0x000058b0   0x000058b0   0x00000010   Code   RO         2106    i.IntMasterDisable  interrupt.o
    0x000058c0   0x000058c0   0x00000010   Code   RO         2107    i.IntMasterEnable   interrupt.o
    0x000058d0   0x000058d0   0x0000003c   Code   RO         2116    i.IntRegister       interrupt.o
    0x0000590c   0x0000590c   0x00000084   Code   RO         1475    i.LEDTaskInit       led_task.o
    0x00005990   0x00005990   0x0000011c   Code   RO         1476    i.LED_Display       led_task.o
    0x00005aac   0x00005aac   0x0000005c   Code   RO          841    i.Loop_check        scheduler.o
    0x00005b08   0x00005b08   0x000002e4   Code   RO         1183    i.MS5611_BaroAltCalculate  ms5611.o
    0x00005dec   0x00005dec   0x00000028   Code   RO         1185    i.MS5611_Init       ms5611.o
    0x00005e14   0x00005e14   0x0000000e   Code   RO         1186    i.MS5611_RESET      ms5611.o
    0x00005e22   0x00005e22   0x00000002   PAD
    0x00005e24   0x00005e24   0x00000014   Code   RO         1187    i.MS5611_Read_Adc_P  ms5611.o
    0x00005e38   0x00005e38   0x00000014   Code   RO         1188    i.MS5611_Read_Adc_T  ms5611.o
    0x00005e4c   0x00005e4c   0x0000004c   Code   RO         1189    i.MS5611_Read_Prom  ms5611.o
    0x00005e98   0x00005e98   0x0000000e   Code   RO         1190    i.MS5611_Start_P    ms5611.o
    0x00005ea6   0x00005ea6   0x0000000e   Code   RO         1191    i.MS5611_Start_T    ms5611.o
    0x00005eb4   0x00005eb4   0x00000034   Code   RO         1192    i.MS5611_Update     ms5611.o
    0x00005ee8   0x00005ee8   0x00000070   Code   RO          600    i.Mode              rc.o
    0x00005f58   0x00005f58   0x0000005e   Code   RO          689    i.Moving_Average    filter.o
    0x00005fb6   0x00005fb6   0x00000002   PAD
    0x00005fb8   0x00005fb8   0x000000f8   Code   RO          690    i.Moving_Median     filter.o
    0x000060b0   0x000060b0   0x00000050   Code   RO         1326    i.Multiread_MPU     my_spi.o
    0x00006100   0x00006100   0x00000048   Code   RO         1095    i.NRF24L01_Check    nrf24l01.o
    0x00006148   0x00006148   0x00000130   Code   RO          169    i.NRF_Task          app_radiolink.o
    0x00006278   0x00006278   0x00000010   Code   RO          473    i.PID_Para_Init     parameter.o
    0x00006288   0x00006288   0x000001f4   Code   RO          474    i.PID_Para_Read     parameter.o
    0x0000647c   0x0000647c   0x00000030   Code   RO         2221    i.PWMGenConfigure   pwm.o
    0x000064ac   0x000064ac   0x0000000a   Code   RO         2223    i.PWMGenEnable      pwm.o
    0x000064b6   0x000064b6   0x00000016   Code   RO         2236    i.PWMGenPeriodSet   pwm.o
    0x000064cc   0x000064cc   0x00000014   Code   RO         2243    i.PWMOutputState    pwm.o
    0x000064e0   0x000064e0   0x00000026   Code   RO         2246    i.PWMPulseWidthSet  pwm.o
    0x00006506   0x00006506   0x00000002   PAD
    0x00006508   0x00006508   0x0000006c   Code   RO         1302    i.PWM_Go            my_pwm.o
    0x00006574   0x00006574   0x000000ec   Code   RO         1303    i.PWM_Init          my_pwm.o
    0x00006660   0x00006660   0x0000001c   Code   RO          475    i.Para_Init         parameter.o
    0x0000667c   0x0000667c   0x00000194   Code   RO          476    i.Para_ResetToFactorySetup  parameter.o
    0x00006810   0x00006810   0x00000250   Code   RO          477    i.Param_SavePID     parameter.o
    0x00006a60   0x00006a60   0x000000d4   Code   RO          479    i.Param_SetSettingToFC  parameter.o
    0x00006b34   0x00006b34   0x0000002c   Code   RO          480    i.Parameter_Save    parameter.o
    0x00006b60   0x00006b60   0x000003d4   Code   RO          601    i.RC_Duty           rc.o
    0x00006f34   0x00006f34   0x000000d8   Code   RO          170    i.RadioLink_Init    app_radiolink.o
    0x0000700c   0x0000700c   0x00000050   Code   RO          481    i.Read_Acc_Calibration_Date  parameter.o
    0x0000705c   0x0000705c   0x00000050   Code   RO          482    i.Read_Gyro_Calibration_Date  parameter.o
    0x000070ac   0x000070ac   0x00000016   Code   RO         1047    i.Read_IST8310      ist8310.o
    0x000070c2   0x000070c2   0x00000002   PAD
    0x000070c4   0x000070c4   0x00000050   Code   RO          483    i.Read_Mag_Calibration_Date  parameter.o
    0x00007114   0x00007114   0x00000040   Code   RO         1096    i.SPI_RW_Reg_TX     nrf24l01.o
    0x00007154   0x00007154   0x00000080   Code   RO         1097    i.SPI_RW_TX         nrf24l01.o
    0x000071d4   0x000071d4   0x00000050   Code   RO         1098    i.SPI_Read_Buf_TX   nrf24l01.o
    0x00007224   0x00007224   0x0000003c   Code   RO         1099    i.SPI_Read_TX       nrf24l01.o
    0x00007260   0x00007260   0x00000050   Code   RO         1100    i.SPI_Write_Buf_TX  nrf24l01.o
    0x000072b0   0x000072b0   0x000000d0   Code   RO         1327    i.SSI0_Init         my_spi.o
    0x00007380   0x00007380   0x00000056   Code   RO         2456    i.SSIConfigSetExpClk  ssi.o
    0x000073d6   0x000073d6   0x0000000a   Code   RO         2463    i.SSIDisable        ssi.o
    0x000073e0   0x000073e0   0x0000000a   Code   RO         2464    i.SSIEnable         ssi.o
    0x000073ea   0x000073ea   0x00000002   PAD
    0x000073ec   0x000073ec   0x00000054   Code   RO          484    i.Save_Acc_Calibration_Date  parameter.o
    0x00007440   0x00007440   0x00000054   Code   RO          485    i.Save_Gyro_Calibration_Date  parameter.o
    0x00007494   0x00007494   0x00000054   Code   RO          486    i.Save_Mag_Calibration_Date  parameter.o
    0x000074e8   0x000074e8   0x00000048   Code   RO         1101    i.Set_RX_Mode       nrf24l01.o
    0x00007530   0x00007530   0x0000016c   Code   RO         2605    i.SysCtlClockGet    sysctl.o
    0x0000769c   0x0000769c   0x0000012c   Code   RO         2607    i.SysCtlClockSet    sysctl.o
    0x000077c8   0x000077c8   0x00000014   Code   RO         2631    i.SysCtlPWMClockSet  sysctl.o
    0x000077dc   0x000077dc   0x00000034   Code   RO         2636    i.SysCtlPeripheralEnable  sysctl.o
    0x00007810   0x00007810   0x00000070   Code   RO         2641    i.SysCtlPeripheralReset  sysctl.o
    0x00007880   0x00007880   0x0000005c   Code   RO            1    i.SysHardware_Init  main.o
    0x000078dc   0x000078dc   0x00000012   Code   RO         2955    i.SysTickEnable     systick.o
    0x000078ee   0x000078ee   0x00000012   Code   RO         2957    i.SysTickIntEnable  systick.o
    0x00007900   0x00007900   0x0000001e   Code   RO         2958    i.SysTickIntRegister  systick.o
    0x0000791e   0x0000791e   0x0000000a   Code   RO         2960    i.SysTickPeriodGet  systick.o
    0x00007928   0x00007928   0x0000000a   Code   RO         2961    i.SysTickPeriodSet  systick.o
    0x00007932   0x00007932   0x00000008   Code   RO         2962    i.SysTickValueGet   systick.o
    0x0000793a   0x0000793a   0x00000002   PAD
    0x0000793c   0x0000793c   0x00000028   Code   RO          304    i.SysTick_Configuration  time.o
    0x00007964   0x00007964   0x00000018   Code   RO          305    i.SysTick_Handler   time.o
    0x0000797c   0x0000797c   0x00000098   Code   RO         3953    i.SystemInit        system_tm4c123.o
    0x00007a14   0x00007a14   0x00000074   Code   RO         1404    i.TIMER0A_Handler   my_timer.o
    0x00007a88   0x00007a88   0x00000030   Code   RO         1405    i.TIMER1A_Handler   my_timer.o
    0x00007ab8   0x00007ab8   0x0000013c   Code   RO          646    i.Thr_Ctrl          ctrl.o
    0x00007bf4   0x00007bf4   0x00000050   Code   RO         1406    i.Timer0A_Init      my_timer.o
    0x00007c44   0x00007c44   0x00000060   Code   RO         3018    i.TimerConfigure    timer.o
    0x00007ca4   0x00007ca4   0x0000000e   Code   RO         3027    i.TimerEnable       timer.o
    0x00007cb2   0x00007cb2   0x00000004   Code   RO         3028    i.TimerIntClear     timer.o
    0x00007cb6   0x00007cb6   0x00000008   Code   RO         3030    i.TimerIntEnable    timer.o
    0x00007cbe   0x00007cbe   0x00000010   Code   RO         3036    i.TimerLoadSet      timer.o
    0x00007cce   0x00007cce   0x00000002   PAD
    0x00007cd0   0x00007cd0   0x00000048   Code   RO          389    i.To_180_degrees    mymath.o
    0x00007d18   0x00007d18   0x0000000e   Code   RO          993    i.Transform         icm_20602.o
    0x00007d26   0x00007d26   0x00000002   PAD
    0x00007d28   0x00007d28   0x00000040   Code   RO         1444    i.UART0_Handler     my_uart.o
    0x00007d68   0x00007d68   0x00000074   Code   RO         1445    i.UART0_Init        my_uart.o
    0x00007ddc   0x00007ddc   0x0000014c   Code   RO          171    i.UART1_Handler     app_radiolink.o
    0x00007f28   0x00007f28   0x00000040   Code   RO          950    i.UART3_Handler     ultrasonic.o
    0x00007f68   0x00007f68   0x00000080   Code   RO          951    i.UART3_Init        ultrasonic.o
    0x00007fe8   0x00007fe8   0x0000000a   Code   RO         3263    i.UARTBusy          uart.o
    0x00007ff2   0x00007ff2   0x00000012   Code   RO         3264    i.UARTCharGet       uart.o
    0x00008004   0x00008004   0x00000010   Code   RO         3266    i.UARTCharPut       uart.o
    0x00008014   0x00008014   0x0000000c   Code   RO         3268    i.UARTCharsAvail    uart.o
    0x00008020   0x00008020   0x00000006   Code   RO         3270    i.UARTClockSourceSet  uart.o
    0x00008026   0x00008026   0x0000004c   Code   RO         3272    i.UARTConfigSetExpClk  uart.o
    0x00008072   0x00008072   0x00000020   Code   RO         3275    i.UARTDisable       uart.o
    0x00008092   0x00008092   0x00000014   Code   RO         3277    i.UARTEnable        uart.o
    0x000080a6   0x000080a6   0x0000000a   Code   RO         3279    i.UARTFIFODisable   uart.o
    0x000080b0   0x000080b0   0x00000004   Code   RO         3285    i.UARTIntClear      uart.o
    0x000080b4   0x000080b4   0x00000008   Code   RO         3287    i.UARTIntEnable     uart.o
    0x000080bc   0x000080bc   0x0000001e   Code   RO         3288    i.UARTIntRegister   uart.o
    0x000080da   0x000080da   0x0000000c   Code   RO         3289    i.UARTIntStatus     uart.o
    0x000080e6   0x000080e6   0x0000002c   Code   RO         1446    i.UARTStringPut     my_uart.o
    0x00008112   0x00008112   0x00000002   PAD
    0x00008114   0x00008114   0x00000578   Code   RO          903    i.Ultra_Ctrl        height_ctrl.o
    0x0000868c   0x0000868c   0x00000048   Code   RO          952    i.Ultra_Duty        ultrasonic.o
    0x000086d4   0x000086d4   0x00000068   Code   RO          953    i.Ultra_Get         ultrasonic.o
    0x0000873c   0x0000873c   0x00000030   Code   RO          904    i.Ultra_PID_Init    height_ctrl.o
    0x0000876c   0x0000876c   0x0000000c   Code   RO          954    i.Ultrasonic_Init   ultrasonic.o
    0x00008778   0x00008778   0x00000030   Code   RO          905    i.WZ_Speed_PID_Init  height_ctrl.o
    0x000087a8   0x000087a8   0x00000016   Code   RO         1048    i.Write_IST8310     ist8310.o
    0x000087be   0x000087be   0x00000002   PAD
    0x000087c0   0x000087c0   0x00000038   Code   RO         1613    i._EEPROMSectorMaskClear  eeprom.o
    0x000087f8   0x000087f8   0x00000040   Code   RO         1614    i._EEPROMSectorMaskSet  eeprom.o
    0x00008838   0x00008838   0x00000014   Code   RO         1615    i._EEPROMWaitForDone  eeprom.o
    0x0000884c   0x0000884c   0x0000004c   Code   RO         3305    i._UARTIntNumberGet  uart.o
    0x00008898   0x00008898   0x00000020   Code   RO         4176    i.__0printf$5       mc_w.l(printf5.o)
    0x000088b8   0x000088b8   0x00000030   Code   RO         4384    i.__ARM_fpclassify  m_wm.l(fpclassify.o)
    0x000088e8   0x000088e8   0x00000360   Code   RO         4012    i.__hardfp_asin     m_wm.l(asin.o)
    0x00008c48   0x00008c48   0x000002d8   Code   RO         4350    i.__hardfp_atan     m_wm.l(atan.o)
    0x00008f20   0x00008f20   0x000001f0   Code   RO         4026    i.__hardfp_atan2    m_wm.l(atan2.o)
    0x00009110   0x00009110   0x000000f8   Code   RO         4386    i.__kernel_poly     m_wm.l(poly.o)
    0x00009208   0x00009208   0x00000014   Code   RO         4365    i.__mathlib_dbl_infnan  m_wm.l(dunder.o)
    0x0000921c   0x0000921c   0x00000014   Code   RO         4366    i.__mathlib_dbl_infnan2  m_wm.l(dunder.o)
    0x00009230   0x00009230   0x00000020   Code   RO         4367    i.__mathlib_dbl_invalid  m_wm.l(dunder.o)
    0x00009250   0x00009250   0x00000020   Code   RO         4370    i.__mathlib_dbl_underflow  m_wm.l(dunder.o)
    0x00009270   0x00009270   0x0000000e   Code   RO         4452    i.__scatterload_copy  mc_w.l(handlers.o)
    0x0000927e   0x0000927e   0x00000002   Code   RO         4453    i.__scatterload_null  mc_w.l(handlers.o)
    0x00009280   0x00009280   0x0000000e   Code   RO         4454    i.__scatterload_zeroinit  mc_w.l(handlers.o)
    0x0000928e   0x0000928e   0x00000002   PAD
    0x00009290   0x00009290   0x0000000c   Code   RO         4432    i.__set_errno       mc_w.l(errno.o)
    0x0000929c   0x0000929c   0x000002c0   Code   RO         4183    i._printf_core      mc_w.l(printf5.o)
    0x0000955c   0x0000955c   0x00000010   Code   RO         4352    i.atan              m_wm.l(atan.o)
    0x0000956c   0x0000956c   0x00000048   Code   RO         1332    i.bytewrite_MPU     my_spi.o
    0x000095b4   0x000095b4   0x000001b8   Code   RO         1049    i.calibration_parameters  ist8310.o
    0x0000976c   0x0000976c   0x00000002   Code   RO         1102    i.delay_60ns        nrf24l01.o
    0x0000976e   0x0000976e   0x00000018   Code   RO         4380    i.fabs              m_wm.l(fabs.o)
    0x00009786   0x00009786   0x00000002   PAD
    0x00009788   0x00009788   0x0000017c   Code   RO          390    i.fast_atan2        mymath.o
    0x00009904   0x00009904   0x00000024   Code   RO         1447    i.fputc             my_uart.o
    0x00009928   0x00009928   0x00000050   Code   RO         4304    i.free              mc_w.l(malloc.o)
    0x00009978   0x00009978   0x000003bc   Code   RO          906    i.height_speed_ctrl  height_ctrl.o
    0x00009d34   0x00009d34   0x000002cc   Code   RO          995    i.icm20602_Data_Offset  icm_20602.o
    0x0000a000   0x0000a000   0x00000510   Code   RO          996    i.icm20602_Data_Prepare  icm_20602.o
    0x0000a510   0x0000a510   0x00000178   Code   RO         1103    i.init_NRF24L01_TX  nrf24l01.o
    0x0000a688   0x0000a688   0x0000000c   Code   RO            2    i.main              main.o
    0x0000a694   0x0000a694   0x0000006c   Code   RO         4305    i.malloc            mc_w.l(malloc.o)
    0x0000a700   0x0000a700   0x0000000c   Code   RO          213    i.matrix_free       matrix.o
    0x0000a70c   0x0000a70c   0x00000014   Code   RO          214    i.matrix_init       matrix.o
    0x0000a720   0x0000a720   0x0000035c   Code   RO          215    i.matrix_inverse    matrix.o
    0x0000aa7c   0x0000aa7c   0x000000a8   Code   RO          216    i.matrix_multiply   matrix.o
    0x0000ab24   0x0000ab24   0x0000002c   Code   RO          217    i.matrix_read       matrix.o
    0x0000ab50   0x0000ab50   0x00000004   Code   RO          218    i.matrix_set_m      matrix.o
    0x0000ab54   0x0000ab54   0x00000004   Code   RO          219    i.matrix_set_n      matrix.o
    0x0000ab58   0x0000ab58   0x0000002c   Code   RO          222    i.matrix_write      matrix.o
    0x0000ab84   0x0000ab84   0x0000001a   Code   RO          392    i.my_abs            mymath.o
    0x0000ab9e   0x0000ab9e   0x00000002   PAD
    0x0000aba0   0x0000aba0   0x00000044   Code   RO          395    i.my_deathzoom      mymath.o
    0x0000abe4   0x0000abe4   0x0000002c   Code   RO          396    i.my_deathzoom_2    mymath.o
    0x0000ac10   0x0000ac10   0x0000000a   Code   RO          397    i.my_pow            mymath.o
    0x0000ac1a   0x0000ac1a   0x00000002   PAD
    0x0000ac1c   0x0000ac1c   0x0000005c   Code   RO          400    i.my_sqrt           mymath.o
    0x0000ac78   0x0000ac78   0x0000006c   Code   RO         1104    i.nRF24L01_RxPacket  nrf24l01.o
    0x0000ace4   0x0000ace4   0x00000030   Code   RO         1333    i.send_and_receive  my_spi.o
    0x0000ad14   0x0000ad14   0x0000011c   Code   RO          691    i.simple_3d_trans   filter.o
    0x0000ae30   0x0000ae30   0x0000006e   Code   RO         4391    i.sqrt              m_wm.l(sqrt.o)
    0x0000ae9e   0x0000ae9e   0x00000002   PAD
    0x0000aea0   0x0000aea0   0x00000084   Code   RO          306    i.sys_time          time.o
    0x0000af24   0x0000af24   0x00000228   Data   RO         1851    .constdata          gpio.o
    0x0000b14c   0x0000b14c   0x0000010c   Data   RO         2120    .constdata          interrupt.o
    0x0000b258   0x0000b258   0x00000254   Data   RO         2660    .constdata          sysctl.o
    0x0000b4ac   0x0000b4ac   0x00000080   Data   RO         3306    .constdata          uart.o
    0x0000b52c   0x0000b52c   0x00000004   PAD
    0x0000b530   0x0000b530   0x00000050   Data   RO         4015    .constdata          m_wm.l(asin.o)
    0x0000b580   0x0000b580   0x00000098   Data   RO         4353    .constdata          m_wm.l(atan.o)
    0x0000b618   0x0000b618   0x00000008   Data   RO         4388    .constdata          m_wm.l(qnan.o)
    0x0000b620   0x0000b620   0x00000020   Data   RO         4450    Region$$Table       anon$$obj.o


    Execution Region RW_IRAM1 (Exec base: 0x20000000, Load base: 0x0000b640, Size: 0x00001598, Max: 0x00008000, ABSOLUTE, COMPRESSED[0x00000484])

    Exec Addr    Load Addr    Size         Type   Attr      Idx    E Section Name        Object

    0x20000000   COMPRESSED   0x00000004   Data   RW            4    .data               main.o
    0x20000004   COMPRESSED   0x00000004   PAD
    0x20000008   COMPRESSED   0x00000020   Data   RW          173    .data               app_radiolink.o
    0x20000028   COMPRESSED   0x00000018   Data   RW          308    .data               time.o
    0x20000040   COMPRESSED   0x00000038   Data   RW          362    .data               imu.o
    0x20000078   COMPRESSED   0x00000404   Data   RW          401    .data               mymath.o
    0x2000047c   COMPRESSED   0x00000039   Data   RW          603    .data               rc.o
    0x200004b5   COMPRESSED   0x00000003   PAD
    0x200004b8   COMPRESSED   0x00000014   Data   RW          648    .data               ctrl.o
    0x200004cc   COMPRESSED   0x00000014   Data   RW          693    .data               filter.o
    0x200004e0   COMPRESSED   0x00000011   Data   RW          734    .data               data_transfer.o
    0x200004f1   COMPRESSED   0x00000003   PAD
    0x200004f4   COMPRESSED   0x0000000f   Data   RW          843    .data               scheduler.o
    0x20000503   COMPRESSED   0x00000001   PAD
    0x20000504   COMPRESSED   0x00000060   Data   RW          908    .data               height_ctrl.o
    0x20000564   COMPRESSED   0x0000000c   Data   RW          955    .data               ultrasonic.o
    0x20000570   COMPRESSED   0x0000001c   Data   RW          998    .data               icm_20602.o
    0x2000058c   COMPRESSED   0x00000066   Data   RW         1051    .data               ist8310.o
    0x200005f2   COMPRESSED   0x0000002f   Data   RW         1106    .data               nrf24l01.o
    0x20000621   COMPRESSED   0x00000003   PAD
    0x20000624   COMPRESSED   0x0000002a   Data   RW         1194    .data               ms5611.o
    0x2000064e   COMPRESSED   0x00000002   PAD
    0x20000650   COMPRESSED   0x00000028   Data   RW         1262    .data               my_eeprom.o
    0x20000678   COMPRESSED   0x00000015   Data   RW         1408    .data               my_timer.o
    0x2000068d   COMPRESSED   0x00000001   Data   RW         1448    .data               my_uart.o
    0x2000068e   COMPRESSED   0x00000002   PAD
    0x20000690   COMPRESSED   0x00000009   Data   RW         1477    .data               led_task.o
    0x20000699   COMPRESSED   0x00000003   PAD
    0x2000069c   COMPRESSED   0x00000004   Data   RW         4415    .data               mc_w.l(stdout.o)
    0x200006a0   COMPRESSED   0x00000004   Data   RW         4428    .data               mc_w.l(mvars.o)
    0x200006a4   COMPRESSED   0x00000004   Data   RW         4429    .data               mc_w.l(mvars.o)
    0x200006a8   COMPRESSED   0x00000004   Data   RW         4433    .data               mc_w.l(errno.o)
    0x200006ac   COMPRESSED   0x00000154   PAD
    0x20000800   COMPRESSED   0x0000026c   Data   RW         2121    vtable              interrupt.o
    0x20000a6c        -       0x0000007e   Zero   RW          172    .bss                app_radiolink.o
    0x20000aea   COMPRESSED   0x00000002   PAD
    0x20000aec        -       0x0000003c   Zero   RW          307    .bss                time.o
    0x20000b28        -       0x00000060   Zero   RW          361    .bss                imu.o
    0x20000b88        -       0x00000100   Zero   RW          487    .bss                parameter.o
    0x20000c88        -       0x00000078   Zero   RW          602    .bss                rc.o
    0x20000d00        -       0x00000204   Zero   RW          647    .bss                ctrl.o
    0x20000f04        -       0x00000058   Zero   RW          692    .bss                filter.o
    0x20000f5c        -       0x00000082   Zero   RW          733    .bss                data_transfer.o
    0x20000fde   COMPRESSED   0x00000002   PAD
    0x20000fe0        -       0x00000024   Zero   RW          842    .bss                scheduler.o
    0x20001004        -       0x000001d4   Zero   RW          907    .bss                height_ctrl.o
    0x200011d8        -       0x00000180   Zero   RW          997    .bss                icm_20602.o
    0x20001358        -       0x00000030   Zero   RW         1050    .bss                ist8310.o
    0x20001388        -       0x00000010   Zero   RW         1193    .bss                ms5611.o
    0x20001398        -       0x00000000   Zero   RW         3943    HEAP                startup_tm4c123.o
    0x20001398        -       0x00000200   Zero   RW         3942    STACK               startup_tm4c123.o


==============================================================================

Image component sizes


      Code (inc. data)   RO Data    RW Data    ZI Data      Debug   Object Name

       852        112          0         32        126       3436   app_radiolink.o
        38          0          0          0          0        660   cpu.o
      4584        270          0         20        516       6263   ctrl.o
      7064        324          0         17        130      18190   data_transfer.o
       504         62          0          0          0       5980   eeprom.o
       626         24          0         20         88       3483   filter.o
        40         12          0          0          0       1012   fpu.o
       704         10        552          0          0       9092   gpio.o
      3232        386          0         96        468       7029   height_ctrl.o
       142         14          0          0          0       4381   i2c.o
      2346        122          0         28        384       5836   icm_20602.o
      2388        144          0         56         96       3615   imu.o
       208         16        268        620          0       3667   interrupt.o
      1960         88          0        102         48       8670   ist8310.o
       416         48          0          9          0       1384   led_task.o
       104         10          0          4          0      10521   main.o
      1156         14          0          0          0       7010   matrix.o
       990        116          0         42         16       6840   ms5611.o
       176         62          0         40          0       2985   my_eeprom.o
       820         34          0          0          0       4302   my_i2c.o
       344         40          0          0          0       1364   my_pwm.o
       430         40          0          0          0       3422   my_spi.o
       244         52          0         21          0       2114   my_timer.o
       260         38          0          1          0       2637   my_uart.o
       692         58          0       1028          0       5704   mymath.o
      1042        140          0         47          0       8839   nrf24l01.o
      2288        118          0          0        256      12260   parameter.o
       138          6          0          0          0       3323   pwm.o
      1336        124          0         57        120       4228   rc.o
       976        138          0         15         36       6057   scheduler.o
       106          0          0          0          0       2038   ssi.o
       252         10        620          0        512       5456   startup_tm4c123.o
       854         76        596          0          0       5859   sysctl.o
       152         40          0          0          0        629   system_tm4c123.o
        94          0          0          0          0       3268   systick.o
       424         40          0         24         60       5092   time.o
       138         12          0          0          0       3019   timer.o
       330         20        128          0          0       9769   uart.o
       380         82          0         12          0       3441   ultrasonic.o

    ----------------------------------------------------------------------
     38862       2902       2200       2312       2860     202875   Object Totals
         0          0         32          0          0          0   (incl. Generated)
        32          0          4         21          4          0   (incl. Padding)

    ----------------------------------------------------------------------

      Code (inc. data)   RO Data    RW Data    ZI Data      Debug   Library Member Name

       864         94         80          0          0        280   asin.o
       744        106        152          0          0        352   atan.o
       496         64          0          0          0        192   atan2.o
       104         16          0          0          0        496   dunder.o
        24          0          0          0          0        124   fabs.o
        48          0          0          0          0        124   fpclassify.o
       248          0          0          0          0        152   poly.o
         0          0          8          0          0          0   qnan.o
       110          0          0          0          0        148   sqrt.o
        86          0          0          0          0          0   __dczerorl2.o
         0          0          0          0          0          0   entry.o
         0          0          0          0          0          0   entry10a.o
         0          0          0          0          0          0   entry11a.o
         8          4          0          0          0          0   entry2.o
         4          0          0          0          0          0   entry5.o
         0          0          0          0          0          0   entry7b.o
         0          0          0          0          0          0   entry8b.o
         8          4          0          0          0          0   entry9a.o
        12          6          0          4          0         68   errno.o
        30          0          0          0          0          0   handlers.o
        36          8          0          0          0         68   init.o
         0          0          0          0          0          0   iusefp.o
        30          0          0          0          0         68   llshl.o
        36          0          0          0          0         68   llsshr.o
        32          0          0          0          0         68   llushr.o
       188         20          0          0          0        160   malloc.o
        36          0          0          0          0        108   memseta.o
         0          0          0          8          0          0   mvars.o
       736         56          0          0          0        184   printf5.o
         0          0          0          4          0          0   stdout.o
        98          0          0          0          0         92   uldiv.o
        56          0          0          0          0         88   d2f.o
       334          0          0          0          0        148   dadd.o
       222          0          0          0          0        100   ddiv.o
       186          0          0          0          0        176   depilogue.o
        34          0          0          0          0         76   dflti.o
       228          0          0          0          0         96   dmul.o
       162          0          0          0          0        100   dsqrt.o
        38          0          0          0          0         68   f2d.o
       110          0          0          0          0        168   fepilogue.o

    ----------------------------------------------------------------------
      5354        378        240        356          0       3772   Library Totals
         6          0          0        340          0          0   (incl. Padding)

    ----------------------------------------------------------------------

      Code (inc. data)   RO Data    RW Data    ZI Data      Debug   Library Name

      2638        280        240          0          0       1868   m_wm.l
      1340         98          0         16          0        884   mc_w.l
      1370          0          0          0          0       1020   mf_w.l

    ----------------------------------------------------------------------
      5354        378        240        356          0       3772   Library Totals

    ----------------------------------------------------------------------

==============================================================================


      Code (inc. data)   RO Data    RW Data    ZI Data      Debug   

     44216       3280       2440       2668       2860     185047   Grand Totals
     44216       3280       2440       1156       2860     185047   ELF Image Totals (compressed)
     44216       3280       2440       1156          0          0   ROM Totals

==============================================================================

    Total RO  Size (Code + RO Data)                46656 (  45.56kB)
    Total RW  Size (RW Data + ZI Data)              5528 (   5.40kB)
    Total ROM Size (Code + RO Data + RW Data)      47812 (  46.69kB)

==============================================================================

